 talib_binding

 Timestamp is 5c4ab079 (Fri Jan 25 14:45:13 2019)

 Preferred load address is 0000000180000000

 Start         Length     Name                   Class
 0001:00000000 000b51c0H .text$mn                CODE
 0001:000b51c0 00000020H .text$mn$00             CODE
 0001:000b51e0 00000260H .text$x                 CODE
 0002:00000000 00000248H .idata$5                DATA
 0002:00000248 00000010H .00cfg                  DATA
 0002:00000258 00000008H .CRT$XCA                DATA
 0002:00000260 00000008H .CRT$XCU                DATA
 0002:00000268 00000008H .CRT$XCZ                DATA
 0002:00000270 00000008H .CRT$XIA                DATA
 0002:00000278 00000018H .CRT$XIC                DATA
 0002:00000290 00000008H .CRT$XIZ                DATA
 0002:00000298 00000008H .CRT$XPA                DATA
 0002:000002a0 00000010H .CRT$XPX                DATA
 0002:000002b0 00000008H .CRT$XPXA               DATA
 0002:000002b8 00000008H .CRT$XPZ                DATA
 0002:000002c0 00000008H .CRT$XTA                DATA
 0002:000002c8 00000008H .CRT$XTZ                DATA
 0002:000002d0 0003e400H .rdata                  DATA
 0002:0003e6d0 000001f4H .rdata$r                DATA
 0002:0003e8c4 000003f4H .rdata$zzzdbg           DATA
 0002:0003ecb8 00000008H .rtc$IAA                DATA
 0002:0003ecc0 00000008H .rtc$IZZ                DATA
 0002:0003ecc8 00000008H .rtc$TAA                DATA
 0002:0003ecd0 00000008H .rtc$TZZ                DATA
 0002:0003ecd8 0000a880H .xdata                  DATA
 0002:00049558 000000ecH .xdata$x                DATA
 0002:00049644 00000020H .didat$2                DATA
 0002:00049664 00000024H .didat$3                DATA
 0002:00049688 00000138H .didat$4                DATA
 0002:000497c0 00000940H .didat$6                DATA
 0002:0004a100 00000140H .didat$7                DATA
 0002:0004a240 00000060H .edata                  DATA
 0002:0004a2a0 00000014H .idata$2                DATA
 0002:0004a2b4 00000014H .idata$3                DATA
 0002:0004a2c8 00000248H .idata$4                DATA
 0002:0004a510 0000054eH .idata$6                DATA
 0003:00000000 00005460H .data                   DATA
 0003:00005460 000000a0H .data$r                 DATA
 0003:00005500 00000140H .didat$5                DATA
 0003:00005640 000016b0H .bss                    DATA
 0004:00000000 00007284H .pdata                  DATA
 0005:00000000 00000080H .gfids$x                DATA
 0005:00000080 00000030H .gfids$y                DATA
 0006:00000000 00000060H .rsrc$01                DATA
 0006:00000060 00000180H .rsrc$02                DATA

  Address         Publics by Value              Rva+Base               Lib:Object

 0000:00000000       __guard_iat_table          0000000000000000     <absolute>
 0000:00000000       __guard_iat_count          0000000000000000     <absolute>
 0000:00000000       __guard_fids_count         0000000000000000     <absolute>
 0000:00000000       __guard_longjmp_table      0000000000000000     <absolute>
 0000:00000000       __guard_longjmp_count      0000000000000000     <absolute>
 0000:00000000       ___safe_se_handler_table   0000000000000000     <absolute>
 0000:00000000       ___safe_se_handler_count   0000000000000000     <absolute>
 0000:00000000       __guard_fids_table         0000000000000000     <absolute>
 0000:00000000       __dynamic_value_reloc_table 0000000000000000     <absolute>
 0000:00000100       __guard_flags              0000000000000100     <absolute>
 0000:00000000       __ImageBase                0000000180000000     <linker-defined>
 0001:00000000       TA_ACCBANDS_FramePP        0000000180001000 f   ta_frame.obj
 0001:00000080       TA_ACCBANDS_FramePPLB      0000000180001080 f   ta_frame.obj
 0001:000000c0       TA_ACOS_FramePP            00000001800010c0 f   ta_frame.obj
 0001:00000100       TA_LN_FramePPLB            0000000180001100 f   ta_frame.obj
 0001:00000100       TA_TAN_FramePPLB           0000000180001100 f   ta_frame.obj
 0001:00000100       TA_TANH_FramePPLB          0000000180001100 f   ta_frame.obj
 0001:00000100       TA_EXP_FramePPLB           0000000180001100 f   ta_frame.obj
 0001:00000100       TA_COSH_FramePPLB          0000000180001100 f   ta_frame.obj
 0001:00000100       TA_TYPPRICE_FramePPLB      0000000180001100 f   ta_frame.obj
 0001:00000100       TA_SUB_FramePPLB           0000000180001100 f   ta_frame.obj
 0001:00000100       TA_SIN_FramePPLB           0000000180001100 f   ta_frame.obj
 0001:00000100       TA_MEDPRICE_FramePPLB      0000000180001100 f   ta_frame.obj
 0001:00000100       TA_CEIL_FramePPLB          0000000180001100 f   ta_frame.obj
 0001:00000100       TA_SINH_FramePPLB          0000000180001100 f   ta_frame.obj
 0001:00000100       TA_AVGPRICE_FramePPLB      0000000180001100 f   ta_frame.obj
 0001:00000100       TA_ASIN_FramePPLB          0000000180001100 f   ta_frame.obj
 0001:00000100       TA_OBV_FramePPLB           0000000180001100 f   ta_frame.obj
 0001:00000100       TA_ACOS_FramePPLB          0000000180001100 f   ta_frame.obj
 0001:00000100       TA_BOP_FramePPLB           0000000180001100 f   ta_frame.obj
 0001:00000100       TA_LOG10_FramePPLB         0000000180001100 f   ta_frame.obj
 0001:00000100       TA_FLOOR_FramePPLB         0000000180001100 f   ta_frame.obj
 0001:00000100       TA_ADD_FramePPLB           0000000180001100 f   ta_frame.obj
 0001:00000100       TA_DIV_FramePPLB           0000000180001100 f   ta_frame.obj
 0001:00000100       TA_ATAN_FramePPLB          0000000180001100 f   ta_frame.obj
 0001:00000100       TA_WCLPRICE_FramePPLB      0000000180001100 f   ta_frame.obj
 0001:00000100       TA_MULT_FramePPLB          0000000180001100 f   ta_frame.obj
 0001:00000100       TA_SQRT_FramePPLB          0000000180001100 f   ta_frame.obj
 0001:00000100       TA_COS_FramePPLB           0000000180001100 f   ta_frame.obj
 0001:00000100       TA_AD_FramePPLB            0000000180001100 f   ta_frame.obj
 0001:00000110       TA_AD_FramePP              0000000180001110 f   ta_frame.obj
 0001:00000170       TA_ADD_FramePP             0000000180001170 f   ta_frame.obj
 0001:000001b0       TA_ADOSC_FramePP           00000001800011b0 f   ta_frame.obj
 0001:00000220       TA_ADOSC_FramePPLB         0000000180001220 f   ta_frame.obj
 0001:00000290       TA_ADX_FramePP             0000000180001290 f   ta_frame.obj
 0001:000002f0       TA_ADX_FramePPLB           00000001800012f0 f   ta_frame.obj
 0001:00000340       TA_ADXR_FramePP            0000000180001340 f   ta_frame.obj
 0001:000003a0       TA_ADXR_FramePPLB          00000001800013a0 f   ta_frame.obj
 0001:00000400       TA_APO_FramePP             0000000180001400 f   ta_frame.obj
 0001:00000460       TA_APO_FramePPLB           0000000180001460 f   ta_frame.obj
 0001:00000460       TA_PPO_FramePPLB           0000000180001460 f   ta_frame.obj
 0001:000004d0       TA_AROON_FramePP           00000001800014d0 f   ta_frame.obj
 0001:00000540       TA_AROON_FramePPLB         0000000180001540 f   ta_frame.obj
 0001:00000540       TA_AROONOSC_FramePPLB      0000000180001540 f   ta_frame.obj
 0001:00000570       TA_AROONOSC_FramePP        0000000180001570 f   ta_frame.obj
 0001:000005c0       TA_ASIN_FramePP            00000001800015c0 f   ta_frame.obj
 0001:00000600       TA_ATAN_FramePP            0000000180001600 f   ta_frame.obj
 0001:00000640       TA_ATR_FramePP             0000000180001640 f   ta_frame.obj
 0001:000006a0       TA_ATR_FramePPLB           00000001800016a0 f   ta_frame.obj
 0001:000006e0       TA_AVGPRICE_FramePP        00000001800016e0 f   ta_frame.obj
 0001:00000740       TA_AVGDEV_FramePP          0000000180001740 f   ta_frame.obj
 0001:00000790       TA_TSF_FramePPLB           0000000180001790 f   ta_frame.obj
 0001:00000790       TA_MIDPOINT_FramePPLB      0000000180001790 f   ta_frame.obj
 0001:00000790       TA_LINEARREG_ANGLE_FramePPLB 0000000180001790 f   ta_frame.obj
 0001:00000790       TA_LINEARREG_SLOPE_FramePPLB 0000000180001790 f   ta_frame.obj
 0001:00000790       TA_AVGDEV_FramePPLB        0000000180001790 f   ta_frame.obj
 0001:00000790       TA_LINEARREG_INTERCEPT_FramePPLB 0000000180001790 f   ta_frame.obj
 0001:00000790       TA_WILLR_FramePPLB         0000000180001790 f   ta_frame.obj
 0001:00000790       TA_CCI_FramePPLB           0000000180001790 f   ta_frame.obj
 0001:00000790       TA_LINEARREG_FramePPLB     0000000180001790 f   ta_frame.obj
 0001:00000790       TA_MIDPRICE_FramePPLB      0000000180001790 f   ta_frame.obj
 0001:000007c0       TA_BBANDS_FramePP          00000001800017c0 f   ta_frame.obj
 0001:00000850       TA_BBANDS_FramePPLB        0000000180001850 f   ta_frame.obj
 0001:00000870       TA_BETA_FramePP            0000000180001870 f   ta_frame.obj
 0001:000008c0       TA_BETA_FramePPLB          00000001800018c0 f   ta_frame.obj
 0001:000008f0       TA_BOP_FramePP             00000001800018f0 f   ta_frame.obj
 0001:00000950       TA_CCI_FramePP             0000000180001950 f   ta_frame.obj
 0001:000009b0       TA_CDL2CROWS_FramePP       00000001800019b0 f   ta_frame.obj
 0001:00000a10       TA_CDL2CROWS_FramePPLB     0000000180001a10 f   ta_frame.obj
 0001:00000a30       TA_CDL3BLACKCROWS_FramePP  0000000180001a30 f   ta_frame.obj
 0001:00000a90       TA_CDLCONCEALBABYSWALL_FramePPLB 0000000180001a90 f   ta_frame.obj
 0001:00000a90       TA_CDL3BLACKCROWS_FramePPLB 0000000180001a90 f   ta_frame.obj
 0001:00000ab0       TA_CDL3INSIDE_FramePP      0000000180001ab0 f   ta_frame.obj
 0001:00000b10       TA_CDL3INSIDE_FramePPLB    0000000180001b10 f   ta_frame.obj
 0001:00000b10       TA_CDLUNIQUE3RIVER_FramePPLB 0000000180001b10 f   ta_frame.obj
 0001:00000b10       TA_CDLUPSIDEGAP2CROWS_FramePPLB 0000000180001b10 f   ta_frame.obj
 0001:00000b30       TA_CDL3LINESTRIKE_FramePP  0000000180001b30 f   ta_frame.obj
 0001:00000b90       TA_CDL3LINESTRIKE_FramePPLB 0000000180001b90 f   ta_frame.obj
 0001:00000bb0       TA_CDL3OUTSIDE_FramePP     0000000180001bb0 f   ta_frame.obj
 0001:00000c10       TA_CDL3OUTSIDE_FramePPLB   0000000180001c10 f   ta_frame.obj
 0001:00000c20       TA_CDL3STARSINSOUTH_FramePP 0000000180001c20 f   ta_frame.obj
 0001:00000c80       TA_CDL3STARSINSOUTH_FramePPLB 0000000180001c80 f   ta_frame.obj
 0001:00000c80       TA_CDL3STARSINSOUTH_Lookback 0000000180001c80 f   ta_CDL3STARSINSOUTH.obj
 0001:00000cd0       TA_CDL3WHITESOLDIERS_FramePP 0000000180001cd0 f   ta_frame.obj
 0001:00000d30       TA_CDL3WHITESOLDIERS_FramePPLB 0000000180001d30 f   ta_frame.obj
 0001:00000d30       TA_CDL3WHITESOLDIERS_Lookback 0000000180001d30 f   ta_CDL3WHITESOLDIERS.obj
 0001:00000d80       TA_CDLABANDONEDBABY_FramePP 0000000180001d80 f   ta_frame.obj
 0001:00000df0       TA_CDLABANDONEDBABY_FramePPLB 0000000180001df0 f   ta_frame.obj
 0001:00000df0       TA_CDLEVENINGDOJISTAR_FramePPLB 0000000180001df0 f   ta_frame.obj
 0001:00000df0       TA_CDLMORNINGDOJISTAR_FramePPLB 0000000180001df0 f   ta_frame.obj
 0001:00000e60       TA_CDLADVANCEBLOCK_FramePP 0000000180001e60 f   ta_frame.obj
 0001:00000ec0       TA_CDLADVANCEBLOCK_FramePPLB 0000000180001ec0 f   ta_frame.obj
 0001:00000ed0       TA_CDLBELTHOLD_FramePP     0000000180001ed0 f   ta_frame.obj
 0001:00000f30       TA_CDLBELTHOLD_FramePPLB   0000000180001f30 f   ta_frame.obj
 0001:00000f30       TA_CDLMARUBOZU_FramePPLB   0000000180001f30 f   ta_frame.obj
 0001:00000f30       TA_CDLCLOSINGMARUBOZU_FramePPLB 0000000180001f30 f   ta_frame.obj
 0001:00000f50       TA_CDLBREAKAWAY_FramePP    0000000180001f50 f   ta_frame.obj
 0001:00000fb0       TA_CDLBREAKAWAY_FramePPLB  0000000180001fb0 f   ta_frame.obj
 0001:00000fd0       TA_CDLCLOSINGMARUBOZU_FramePP 0000000180001fd0 f   ta_frame.obj
 0001:00001030       TA_CDLCONCEALBABYSWALL_FramePP 0000000180002030 f   ta_frame.obj
 0001:00001090       TA_CDLCOUNTERATTACK_FramePP 0000000180002090 f   ta_frame.obj
 0001:000010f0       TA_CDLINNECK_FramePPLB     00000001800020f0 f   ta_frame.obj
 0001:000010f0       TA_CDLONNECK_FramePPLB     00000001800020f0 f   ta_frame.obj
 0001:000010f0       TA_CDLTHRUSTING_FramePPLB  00000001800020f0 f   ta_frame.obj
 0001:000010f0       TA_CDLCOUNTERATTACK_FramePPLB 00000001800020f0 f   ta_frame.obj
 0001:00001110       TA_CDLDARKCLOUDCOVER_FramePP 0000000180002110 f   ta_frame.obj
 0001:00001180       TA_CDLDARKCLOUDCOVER_FramePPLB 0000000180002180 f   ta_frame.obj
 0001:000011c0       TA_CDLDOJI_FramePP         00000001800021c0 f   ta_frame.obj
 0001:00001220       TA_CDLDOJI_FramePPLB       0000000180002220 f   ta_frame.obj
 0001:00001230       TA_CDLDOJISTAR_FramePP     0000000180002230 f   ta_frame.obj
 0001:00001290       TA_CDLDOJISTAR_FramePPLB   0000000180002290 f   ta_frame.obj
 0001:00001290       TA_CDLHARAMICROSS_FramePPLB 0000000180002290 f   ta_frame.obj
 0001:000012b0       TA_CDLDRAGONFLYDOJI_FramePP 00000001800022b0 f   ta_frame.obj
 0001:00001310       TA_CDLDRAGONFLYDOJI_FramePPLB 0000000180002310 f   ta_frame.obj
 0001:00001310       TA_CDLGRAVESTONEDOJI_FramePPLB 0000000180002310 f   ta_frame.obj
 0001:00001330       TA_CDLENGULFING_FramePP    0000000180002330 f   ta_frame.obj
 0001:00001390       TA_CDLXSIDEGAP3METHODS_FramePPLB 0000000180002390 f   ta_frame.obj
 0001:00001390       TA_CDLENGULFING_FramePPLB  0000000180002390 f   ta_frame.obj
 0001:000013a0       TA_CDLEVENINGDOJISTAR_FramePP 00000001800023a0 f   ta_frame.obj
 0001:00001410       TA_CDLEVENINGSTAR_FramePP  0000000180002410 f   ta_frame.obj
 0001:00001480       TA_CDLEVENINGSTAR_FramePPLB 0000000180002480 f   ta_frame.obj
 0001:00001480       TA_CDLMORNINGSTAR_FramePPLB 0000000180002480 f   ta_frame.obj
 0001:000014d0       TA_CDLGAPSIDESIDEWHITE_FramePP 00000001800024d0 f   ta_frame.obj
 0001:00001530       TA_CDLGAPSIDESIDEWHITE_FramePPLB 0000000180002530 f   ta_frame.obj
 0001:00001550       TA_CDLGRAVESTONEDOJI_FramePP 0000000180002550 f   ta_frame.obj
 0001:000015b0       TA_CDLHAMMER_FramePP       00000001800025b0 f   ta_frame.obj
 0001:00001610       TA_CDLHAMMER_FramePPLB     0000000180002610 f   ta_frame.obj
 0001:00001610       TA_CDLHANGINGMAN_FramePPLB 0000000180002610 f   ta_frame.obj
 0001:00001670       TA_CDLHANGINGMAN_FramePP   0000000180002670 f   ta_frame.obj
 0001:000016d0       TA_CDLHARAMI_FramePP       00000001800026d0 f   ta_frame.obj
 0001:00001730       TA_CDLHARAMI_FramePPLB     0000000180002730 f   ta_frame.obj
 0001:00001730       TA_CDLHOMINGPIGEON_FramePPLB 0000000180002730 f   ta_frame.obj
 0001:00001750       TA_CDLHARAMICROSS_FramePP  0000000180002750 f   ta_frame.obj
 0001:000017b0       TA_CDLHIGHWAVE_FramePP     00000001800027b0 f   ta_frame.obj
 0001:00001810       TA_CDLHIGHWAVE_FramePPLB   0000000180002810 f   ta_frame.obj
 0001:00001830       TA_CDLHIKKAKE_FramePP      0000000180002830 f   ta_frame.obj
 0001:00001890       TA_CDLHIKKAKE_FramePPLB    0000000180002890 f   ta_frame.obj
 0001:000018a0       TA_CDLHIKKAKEMOD_FramePP   00000001800028a0 f   ta_frame.obj
 0001:00001900       TA_CDLHIKKAKEMOD_FramePPLB 0000000180002900 f   ta_frame.obj
 0001:00001920       TA_CDLHOMINGPIGEON_FramePP 0000000180002920 f   ta_frame.obj
 0001:00001980       TA_CDLIDENTICAL3CROWS_FramePP 0000000180002980 f   ta_frame.obj
 0001:000019e0       TA_CDLIDENTICAL3CROWS_FramePPLB 00000001800029e0 f   ta_frame.obj
 0001:00001a00       TA_CDLINNECK_FramePP       0000000180002a00 f   ta_frame.obj
 0001:00001a60       TA_CDLINVERTEDHAMMER_FramePP 0000000180002a60 f   ta_frame.obj
 0001:00001ac0       TA_CDLINVERTEDHAMMER_FramePPLB 0000000180002ac0 f   ta_frame.obj
 0001:00001ac0       TA_CDLINVERTEDHAMMER_Lookback 0000000180002ac0 f   ta_CDLINVERTEDHAMMER.obj
 0001:00001ac0       TA_CDLSHOOTINGSTAR_Lookback 0000000180002ac0 f   ta_CDLSHOOTINGSTAR.obj
 0001:00001ac0       TA_CDLSHOOTINGSTAR_FramePPLB 0000000180002ac0 f   ta_frame.obj
 0001:00001b00       TA_CDLKICKING_FramePP      0000000180002b00 f   ta_frame.obj
 0001:00001b60       TA_CDLKICKINGBYLENGTH_FramePPLB 0000000180002b60 f   ta_frame.obj
 0001:00001b60       TA_CDLKICKING_FramePPLB    0000000180002b60 f   ta_frame.obj
 0001:00001b80       TA_CDLKICKINGBYLENGTH_FramePP 0000000180002b80 f   ta_frame.obj
 0001:00001be0       TA_CDLLADDERBOTTOM_FramePP 0000000180002be0 f   ta_frame.obj
 0001:00001c40       TA_CDLLADDERBOTTOM_FramePPLB 0000000180002c40 f   ta_frame.obj
 0001:00001c60       TA_CDLLONGLEGGEDDOJI_FramePP 0000000180002c60 f   ta_frame.obj
 0001:00001cc0       TA_CDLLONGLEGGEDDOJI_FramePPLB 0000000180002cc0 f   ta_frame.obj
 0001:00001ce0       TA_CDLLONGLINE_FramePP     0000000180002ce0 f   ta_frame.obj
 0001:00001d40       TA_CDLLONGLINE_FramePPLB   0000000180002d40 f   ta_frame.obj
 0001:00001d60       TA_CDLMARUBOZU_FramePP     0000000180002d60 f   ta_frame.obj
 0001:00001dc0       TA_CDLMATCHINGLOW_FramePP  0000000180002dc0 f   ta_frame.obj
 0001:00001e20       TA_CDLMATCHINGLOW_FramePPLB 0000000180002e20 f   ta_frame.obj
 0001:00001e30       TA_CDLMATHOLD_FramePP      0000000180002e30 f   ta_frame.obj
 0001:00001ea0       TA_CDLMATHOLD_FramePPLB    0000000180002ea0 f   ta_frame.obj
 0001:00001ef0       TA_CDLMORNINGDOJISTAR_FramePP 0000000180002ef0 f   ta_frame.obj
 0001:00001f60       TA_CDLMORNINGSTAR_FramePP  0000000180002f60 f   ta_frame.obj
 0001:00001fd0       TA_CDLONNECK_FramePP       0000000180002fd0 f   ta_frame.obj
 0001:00002030       TA_CDLPIERCING_FramePP     0000000180003030 f   ta_frame.obj
 0001:00002090       TA_CDLPIERCING_FramePPLB   0000000180003090 f   ta_frame.obj
 0001:000020a0       TA_CDLRICKSHAWMAN_FramePP  00000001800030a0 f   ta_frame.obj
 0001:00002100       TA_CDLRICKSHAWMAN_FramePPLB 0000000180003100 f   ta_frame.obj
 0001:00002100       TA_CDLRICKSHAWMAN_Lookback 0000000180003100 f   ta_CDLRICKSHAWMAN.obj
 0001:00002140       TA_CDLRISEFALL3METHODS_FramePP 0000000180003140 f   ta_frame.obj
 0001:000021a0       TA_CDLRISEFALL3METHODS_FramePPLB 00000001800031a0 f   ta_frame.obj
 0001:000021c0       TA_CDLSEPARATINGLINES_FramePP 00000001800031c0 f   ta_frame.obj
 0001:00002220       TA_CDLSEPARATINGLINES_FramePPLB 0000000180003220 f   ta_frame.obj
 0001:00002220       TA_CDLSEPARATINGLINES_Lookback 0000000180003220 f   ta_CDLSEPARATINGLINES.obj
 0001:00002260       TA_CDLSHOOTINGSTAR_FramePP 0000000180003260 f   ta_frame.obj
 0001:000022c0       TA_CDLSHORTLINE_FramePP    00000001800032c0 f   ta_frame.obj
 0001:00002320       TA_CDLSHORTLINE_FramePPLB  0000000180003320 f   ta_frame.obj
 0001:00002340       TA_CDLSPINNINGTOP_FramePP  0000000180003340 f   ta_frame.obj
 0001:000023a0       TA_CDLSPINNINGTOP_FramePPLB 00000001800033a0 f   ta_frame.obj
 0001:000023b0       TA_CDLSTALLEDPATTERN_FramePP 00000001800033b0 f   ta_frame.obj
 0001:00002410       TA_CDLSTALLEDPATTERN_Lookback 0000000180003410 f   ta_CDLSTALLEDPATTERN.obj
 0001:00002410       TA_CDLSTALLEDPATTERN_FramePPLB 0000000180003410 f   ta_frame.obj
 0001:00002460       TA_CDLSTICKSANDWICH_FramePP 0000000180003460 f   ta_frame.obj
 0001:000024c0       TA_CDLSTICKSANDWICH_FramePPLB 00000001800034c0 f   ta_frame.obj
 0001:000024e0       TA_CDLTAKURI_FramePP       00000001800034e0 f   ta_frame.obj
 0001:00002540       TA_CDLTAKURI_Lookback      0000000180003540 f   ta_CDLTAKURI.obj
 0001:00002540       TA_CDLTAKURI_FramePPLB     0000000180003540 f   ta_frame.obj
 0001:00002580       TA_CDLTASUKIGAP_FramePP    0000000180003580 f   ta_frame.obj
 0001:000025e0       TA_CDLTASUKIGAP_FramePPLB  00000001800035e0 f   ta_frame.obj
 0001:00002600       TA_CDLTHRUSTING_FramePP    0000000180003600 f   ta_frame.obj
 0001:00002660       TA_CDLTRISTAR_FramePP      0000000180003660 f   ta_frame.obj
 0001:000026c0       TA_CDLTRISTAR_FramePPLB    00000001800036c0 f   ta_frame.obj
 0001:000026e0       TA_CDLUNIQUE3RIVER_FramePP 00000001800036e0 f   ta_frame.obj
 0001:00002740       TA_CDLUPSIDEGAP2CROWS_FramePP 0000000180003740 f   ta_frame.obj
 0001:000027a0       TA_CDLXSIDEGAP3METHODS_FramePP 00000001800037a0 f   ta_frame.obj
 0001:00002800       TA_CEIL_FramePP            0000000180003800 f   ta_frame.obj
 0001:00002840       TA_CMO_FramePP             0000000180003840 f   ta_frame.obj
 0001:00002890       TA_CMO_FramePPLB           0000000180003890 f   ta_frame.obj
 0001:000028d0       TA_CORREL_FramePP          00000001800038d0 f   ta_frame.obj
 0001:00002920       TA_CORREL_FramePPLB        0000000180003920 f   ta_frame.obj
 0001:00002950       TA_COS_FramePP             0000000180003950 f   ta_frame.obj
 0001:00002990       TA_COSH_FramePP            0000000180003990 f   ta_frame.obj
 0001:000029d0       TA_DEMA_FramePP            00000001800039d0 f   ta_frame.obj
 0001:00002a20       TA_DEMA_FramePPLB          0000000180003a20 f   ta_frame.obj
 0001:00002a70       TA_DIV_FramePP             0000000180003a70 f   ta_frame.obj
 0001:00002ab0       TA_DX_FramePP              0000000180003ab0 f   ta_frame.obj
 0001:00002b10       TA_DX_FramePPLB            0000000180003b10 f   ta_frame.obj
 0001:00002b60       TA_EMA_FramePP             0000000180003b60 f   ta_frame.obj
 0001:00002bb0       TA_EMA_FramePPLB           0000000180003bb0 f   ta_frame.obj
 0001:00002bf0       TA_EXP_FramePP             0000000180003bf0 f   ta_frame.obj
 0001:00002c30       TA_FLOOR_FramePP           0000000180003c30 f   ta_frame.obj
 0001:00002c70       TA_HT_DCPERIOD_FramePP     0000000180003c70 f   ta_frame.obj
 0001:00002cb0       TA_HT_DCPERIOD_FramePPLB   0000000180003cb0 f   ta_frame.obj
 0001:00002cd0       TA_HT_DCPHASE_FramePP      0000000180003cd0 f   ta_frame.obj
 0001:00002d10       TA_HT_DCPHASE_FramePPLB    0000000180003d10 f   ta_frame.obj
 0001:00002d30       TA_HT_PHASOR_FramePP       0000000180003d30 f   ta_frame.obj
 0001:00002d80       TA_HT_PHASOR_FramePPLB     0000000180003d80 f   ta_frame.obj
 0001:00002da0       TA_HT_SINE_FramePP         0000000180003da0 f   ta_frame.obj
 0001:00002df0       TA_HT_SINE_FramePPLB       0000000180003df0 f   ta_frame.obj
 0001:00002e10       TA_HT_TRENDLINE_FramePP    0000000180003e10 f   ta_frame.obj
 0001:00002e50       TA_HT_TRENDLINE_FramePPLB  0000000180003e50 f   ta_frame.obj
 0001:00002e70       TA_HT_TRENDMODE_FramePP    0000000180003e70 f   ta_frame.obj
 0001:00002eb0       TA_HT_TRENDMODE_FramePPLB  0000000180003eb0 f   ta_frame.obj
 0001:00002ed0       TA_IMI_FramePP             0000000180003ed0 f   ta_frame.obj
 0001:00002f20       TA_IMI_FramePPLB           0000000180003f20 f   ta_frame.obj
 0001:00002f60       TA_KAMA_FramePP            0000000180003f60 f   ta_frame.obj
 0001:00002fb0       TA_KAMA_FramePPLB          0000000180003fb0 f   ta_frame.obj
 0001:00003000       TA_LINEARREG_FramePP       0000000180004000 f   ta_frame.obj
 0001:00003050       TA_LINEARREG_ANGLE_FramePP 0000000180004050 f   ta_frame.obj
 0001:000030a0       TA_LINEARREG_INTERCEPT_FramePP 00000001800040a0 f   ta_frame.obj
 0001:000030f0       TA_LINEARREG_SLOPE_FramePP 00000001800040f0 f   ta_frame.obj
 0001:00003140       TA_LN_FramePP              0000000180004140 f   ta_frame.obj
 0001:00003180       TA_LOG10_FramePP           0000000180004180 f   ta_frame.obj
 0001:000031c0       TA_MA_FramePP              00000001800041c0 f   ta_frame.obj
 0001:00003210       TA_MA_FramePPLB            0000000180004210 f   ta_frame.obj
 0001:00003220       TA_MACD_FramePP            0000000180004220 f   ta_frame.obj
 0001:000032a0       TA_MACD_FramePPLB          00000001800042a0 f   ta_frame.obj
 0001:000032c0       TA_MACDEXT_FramePP         00000001800042c0 f   ta_frame.obj
 0001:00003350       TA_MACDEXT_FramePPLB       0000000180004350 f   ta_frame.obj
 0001:00003390       TA_MACDFIX_FramePP         0000000180004390 f   ta_frame.obj
 0001:00003400       TA_MACDFIX_FramePPLB       0000000180004400 f   ta_frame.obj
 0001:00003470       TA_MAMA_FramePP            0000000180004470 f   ta_frame.obj
 0001:000034e0       TA_MAMA_FramePPLB          00000001800044e0 f   ta_frame.obj
 0001:00003550       TA_MAVP_FramePP            0000000180004550 f   ta_frame.obj
 0001:000035b0       TA_MAVP_FramePPLB          00000001800045b0 f   ta_frame.obj
 0001:00003610       TA_MAX_FramePP             0000000180004610 f   ta_frame.obj
 0001:00003660       TA_MINMAX_FramePPLB        0000000180004660 f   ta_frame.obj
 0001:00003660       TA_MIN_FramePPLB           0000000180004660 f   ta_frame.obj
 0001:00003660       TA_MININDEX_FramePPLB      0000000180004660 f   ta_frame.obj
 0001:00003660       TA_SUM_FramePPLB           0000000180004660 f   ta_frame.obj
 0001:00003660       TA_MAX_FramePPLB           0000000180004660 f   ta_frame.obj
 0001:00003660       TA_TRIMA_FramePPLB         0000000180004660 f   ta_frame.obj
 0001:00003660       TA_MINMAXINDEX_FramePPLB   0000000180004660 f   ta_frame.obj
 0001:00003660       TA_WMA_FramePPLB           0000000180004660 f   ta_frame.obj
 0001:00003660       TA_SMA_FramePPLB           0000000180004660 f   ta_frame.obj
 0001:00003660       TA_MAXINDEX_FramePPLB      0000000180004660 f   ta_frame.obj
 0001:00003690       TA_MAXINDEX_FramePP        0000000180004690 f   ta_frame.obj
 0001:000036e0       TA_MEDPRICE_FramePP        00000001800046e0 f   ta_frame.obj
 0001:00003730       TA_MFI_FramePP             0000000180004730 f   ta_frame.obj
 0001:000037a0       TA_MFI_FramePPLB           00000001800047a0 f   ta_frame.obj
 0001:000037f0       TA_MIDPOINT_FramePP        00000001800047f0 f   ta_frame.obj
 0001:00003840       TA_MIDPRICE_FramePP        0000000180004840 f   ta_frame.obj
 0001:00003890       TA_MIN_FramePP             0000000180004890 f   ta_frame.obj
 0001:000038e0       TA_MININDEX_FramePP        00000001800048e0 f   ta_frame.obj
 0001:00003930       TA_MINMAX_FramePP          0000000180004930 f   ta_frame.obj
 0001:00003990       TA_MINMAXINDEX_FramePP     0000000180004990 f   ta_frame.obj
 0001:000039f0       TA_MINUS_DI_FramePP        00000001800049f0 f   ta_frame.obj
 0001:00003a50       TA_MINUS_DI_FramePPLB      0000000180004a50 f   ta_frame.obj
 0001:00003aa0       TA_MINUS_DM_FramePP        0000000180004aa0 f   ta_frame.obj
 0001:00003af0       TA_MINUS_DM_FramePPLB      0000000180004af0 f   ta_frame.obj
 0001:00003b30       TA_MOM_FramePP             0000000180004b30 f   ta_frame.obj
 0001:00003b80       TA_MOM_FramePPLB           0000000180004b80 f   ta_frame.obj
 0001:00003b80       TA_ROCR100_FramePPLB       0000000180004b80 f   ta_frame.obj
 0001:00003b80       TA_ROC_FramePPLB           0000000180004b80 f   ta_frame.obj
 0001:00003b80       TA_ROCP_FramePPLB          0000000180004b80 f   ta_frame.obj
 0001:00003b80       TA_ROCR_FramePPLB          0000000180004b80 f   ta_frame.obj
 0001:00003bb0       TA_MULT_FramePP            0000000180004bb0 f   ta_frame.obj
 0001:00003bf0       TA_NATR_FramePP            0000000180004bf0 f   ta_frame.obj
 0001:00003c50       TA_NATR_FramePPLB          0000000180004c50 f   ta_frame.obj
 0001:00003ca0       TA_OBV_FramePP             0000000180004ca0 f   ta_frame.obj
 0001:00003ce0       TA_PLUS_DI_FramePP         0000000180004ce0 f   ta_frame.obj
 0001:00003d40       TA_PLUS_DI_FramePPLB       0000000180004d40 f   ta_frame.obj
 0001:00003d90       TA_PLUS_DM_FramePP         0000000180004d90 f   ta_frame.obj
 0001:00003de0       TA_PLUS_DM_FramePPLB       0000000180004de0 f   ta_frame.obj
 0001:00003e20       TA_PPO_FramePP             0000000180004e20 f   ta_frame.obj
 0001:00003e80       TA_ROC_FramePP             0000000180004e80 f   ta_frame.obj
 0001:00003ed0       TA_ROCP_FramePP            0000000180004ed0 f   ta_frame.obj
 0001:00003f20       TA_ROCR_FramePP            0000000180004f20 f   ta_frame.obj
 0001:00003f70       TA_ROCR100_FramePP         0000000180004f70 f   ta_frame.obj
 0001:00003fc0       TA_RSI_FramePP             0000000180004fc0 f   ta_frame.obj
 0001:00004010       TA_RSI_FramePPLB           0000000180005010 f   ta_frame.obj
 0001:00004050       TA_SAR_FramePP             0000000180005050 f   ta_frame.obj
 0001:000040b0       TA_SAR_FramePPLB           00000001800050b0 f   ta_frame.obj
 0001:00004110       TA_SAREXT_FramePP          0000000180005110 f   ta_frame.obj
 0001:000041c0       TA_SAREXT_FramePPLB        00000001800051c0 f   ta_frame.obj
 0001:00004220       TA_SIN_FramePP             0000000180005220 f   ta_frame.obj
 0001:00004260       TA_SINH_FramePP            0000000180005260 f   ta_frame.obj
 0001:000042a0       TA_SMA_FramePP             00000001800052a0 f   ta_frame.obj
 0001:00004340       TA_SQRT_FramePP            0000000180005340 f   ta_frame.obj
 0001:00004380       TA_STDDEV_FramePP          0000000180005380 f   ta_frame.obj
 0001:000043e0       TA_STDDEV_FramePPLB        00000001800053e0 f   ta_frame.obj
 0001:000043f0       TA_STOCH_FramePP           00000001800053f0 f   ta_frame.obj
 0001:00004480       TA_STOCH_FramePPLB         0000000180005480 f   ta_frame.obj
 0001:000044b0       TA_STOCHF_FramePP          00000001800054b0 f   ta_frame.obj
 0001:00004530       TA_STOCHF_FramePPLB        0000000180005530 f   ta_frame.obj
 0001:000045b0       TA_STOCHRSI_FramePP        00000001800055b0 f   ta_frame.obj
 0001:00004620       TA_STOCHRSI_FramePPLB      0000000180005620 f   ta_frame.obj
 0001:00004640       TA_SUB_FramePP             0000000180005640 f   ta_frame.obj
 0001:00004680       TA_SUM_FramePP             0000000180005680 f   ta_frame.obj
 0001:000046d0       TA_T3_FramePP              00000001800056d0 f   ta_frame.obj
 0001:00004730       TA_T3_FramePPLB            0000000180005730 f   ta_frame.obj
 0001:00004790       TA_TAN_FramePP             0000000180005790 f   ta_frame.obj
 0001:000047d0       TA_TANH_FramePP            00000001800057d0 f   ta_frame.obj
 0001:00004810       TA_TEMA_FramePP            0000000180005810 f   ta_frame.obj
 0001:00004860       TA_TEMA_FramePPLB          0000000180005860 f   ta_frame.obj
 0001:000048b0       TA_TRANGE_FramePP          00000001800058b0 f   ta_frame.obj
 0001:00004900       _get_startup_argv_mode     0000000180005900 f   LIBCMT:argv_mode.obj
 0001:00004900       DllMain                    0000000180005900 f   LIBCMT:dll_dllmain_stub.obj
 0001:00004900       TA_TRANGE_FramePPLB        0000000180005900 f   ta_frame.obj
 0001:00004910       TA_TRIMA_FramePP           0000000180005910 f   ta_frame.obj
 0001:00004960       TA_TRIX_FramePP            0000000180005960 f   ta_frame.obj
 0001:000049b0       TA_TRIX_FramePPLB          00000001800059b0 f   ta_frame.obj
 0001:00004a00       TA_TSF_FramePP             0000000180005a00 f   ta_frame.obj
 0001:00004a50       TA_TYPPRICE_FramePP        0000000180005a50 f   ta_frame.obj
 0001:00004aa0       TA_ULTOSC_FramePP          0000000180005aa0 f   ta_frame.obj
 0001:00004b10       TA_ULTOSC_FramePPLB        0000000180005b10 f   ta_frame.obj
 0001:00004b30       TA_VAR_FramePP             0000000180005b30 f   ta_frame.obj
 0001:00004b90       TA_VAR_FramePPLB           0000000180005b90 f   ta_frame.obj
 0001:00004be0       TA_WCLPRICE_FramePP        0000000180005be0 f   ta_frame.obj
 0001:00004c30       TA_WILLR_FramePP           0000000180005c30 f   ta_frame.obj
 0001:00004c90       TA_WMA_FramePP             0000000180005c90 f   ta_frame.obj
 0001:00004ce0       TA_RestoreCandleDefaultSettings 0000000180005ce0 f   ta_global.obj
 0001:00004ea0       TA_ACCBANDS                0000000180005ea0 f   ta_ACCBANDS.obj
 0001:00005570       TA_ACOS                    0000000180006570 f   ta_ACOS.obj
 0001:00005660       TA_AD                      0000000180006660 f   ta_AD.obj
 0001:00005780       TA_ADD                     0000000180006780 f   ta_ADD.obj
 0001:00005910       TA_ADOSC_Lookback          0000000180006910 f   ta_ADOSC.obj
 0001:00005980       TA_ADOSC                   0000000180006980 f   ta_ADOSC.obj
 0001:00006170       TA_ADX                     0000000180007170 f   ta_ADX.obj
 0001:00006850       TA_ADXR_Lookback           0000000180007850 f   ta_ADXR.obj
 0001:000068a0       TA_ADXR                    00000001800078a0 f   ta_ADXR.obj
 0001:00006ac0       TA_PPO_Lookback            0000000180007ac0 f   ta_PPO.obj
 0001:00006ac0       TA_APO_Lookback            0000000180007ac0 f   ta_APO.obj
 0001:00006b30       TA_APO                     0000000180007b30 f   ta_APO.obj
 0001:00006cd0       TA_INT_PO                  0000000180007cd0 f   ta_APO.obj
 0001:00006ec0       TA_AROON                   0000000180007ec0 f   ta_AROON.obj
 0001:00007300       TA_AROONOSC                0000000180008300 f   ta_AROONOSC.obj
 0001:000076e0       TA_ASIN                    00000001800086e0 f   ta_ASIN.obj
 0001:000077d0       TA_ATAN                    00000001800087d0 f   ta_ATAN.obj
 0001:000078c0       TA_ATR_Lookback            00000001800088c0 f   ta_ATR.obj
 0001:00007900       TA_ATR                     0000000180008900 f   ta_ATR.obj
 0001:00007bf0       TA_AVGDEV                  0000000180008bf0 f   ta_AVGDEV.obj
 0001:00007e30       TA_AVGPRICE                0000000180008e30 f   ta_AVGPRICE.obj
 0001:000080e0       TA_BBANDS_Lookback         00000001800090e0 f   ta_BBANDS.obj
 0001:00008160       TA_BBANDS                  0000000180009160 f   ta_BBANDS.obj
 0001:00008640       TA_BETA                    0000000180009640 f   ta_BETA.obj
 0001:00008a00       TA_BOP                     0000000180009a00 f   ta_BOP.obj
 0001:00008c90       TA_CCI                     0000000180009c90 f   ta_CCI.obj
 0001:000090e0       TA_CDL2CROWS               000000018000a0e0 f   ta_CDL2CROWS.obj
 0001:000097a0       TA_CDL3BLACKCROWS          000000018000a7a0 f   ta_CDL3BLACKCROWS.obj
 0001:00009fc0       TA_CDL3INSIDE              000000018000afc0 f   ta_CDL3INSIDE.obj
 0001:0000ac00       TA_CDL3LINESTRIKE          000000018000bc00 f   ta_CDL3LINESTRIKE.obj
 0001:0000b4e0       TA_CDL3OUTSIDE             000000018000c4e0 f   ta_CDL3OUTSIDE.obj
 0001:0000b6b0       TA_CDL3STARSINSOUTH        000000018000c6b0 f   ta_CDL3STARSINSOUTH.obj
 0001:0000cbe0       TA_CDL3WHITESOLDIERS       000000018000dbe0 f   ta_CDL3WHITESOLDIERS.obj
 0001:0000e100       TA_CDLMORNINGDOJISTAR_Lookback 000000018000f100 f   ta_CDLMORNINGDOJISTAR.obj
 0001:0000e100       TA_CDLEVENINGDOJISTAR_Lookback 000000018000f100 f   ta_CDLEVENINGDOJISTAR.obj
 0001:0000e100       TA_CDLABANDONEDBABY_Lookback 000000018000f100 f   ta_CDLABANDONEDBABY.obj
 0001:0000e160       TA_CDLABANDONEDBABY        000000018000f160 f   ta_CDLABANDONEDBABY.obj
 0001:0000f300       TA_CDLADVANCEBLOCK_Lookback 0000000180010300 f   ta_CDLADVANCEBLOCK.obj
 0001:0000f390       TA_CDLADVANCEBLOCK         0000000180010390 f   ta_CDLADVANCEBLOCK.obj
 0001:00010cb0       TA_CDLBELTHOLD             0000000180011cb0 f   ta_CDLBELTHOLD.obj
 0001:00011800       TA_CDLBREAKAWAY            0000000180012800 f   ta_CDLBREAKAWAY.obj
 0001:000120b0       TA_CDLCLOSINGMARUBOZU      00000001800130b0 f   ta_CDLCLOSINGMARUBOZU.obj
 0001:00012c00       TA_CDLCONCEALBABYSWALL     0000000180013c00 f   ta_CDLCONCEALBABYSWALL.obj
 0001:000135b0       TA_CDLCOUNTERATTACK        00000001800145b0 f   ta_CDLCOUNTERATTACK.obj
 0001:00014110       TA_CDLDARKCLOUDCOVER_Lookback 0000000180015110 f   ta_CDLDARKCLOUDCOVER.obj
 0001:00014150       TA_CDLDARKCLOUDCOVER       0000000180015150 f   ta_CDLDARKCLOUDCOVER.obj
 0001:00014840       TA_CDLDOJI                 0000000180015840 f   ta_CDLDOJI.obj
 0001:00014df0       TA_CDLDOJISTAR             0000000180015df0 f   ta_CDLDOJISTAR.obj
 0001:00015920       TA_CDLDRAGONFLYDOJI        0000000180016920 f   ta_CDLDRAGONFLYDOJI.obj
 0001:00016450       TA_CDLENGULFING            0000000180017450 f   ta_CDLENGULFING.obj
 0001:00016660       TA_CDLEVENINGDOJISTAR      0000000180017660 f   ta_CDLEVENINGDOJISTAR.obj
 0001:000177b0       TA_CDLMORNINGSTAR_Lookback 00000001800187b0 f   ta_CDLMORNINGSTAR.obj
 0001:000177b0       TA_CDLEVENINGSTAR_Lookback 00000001800187b0 f   ta_CDLEVENINGSTAR.obj
 0001:000177f0       TA_CDLEVENINGSTAR          00000001800187f0 f   ta_CDLEVENINGSTAR.obj
 0001:00018490       TA_CDLGAPSIDESIDEWHITE     0000000180019490 f   ta_CDLGAPSIDESIDEWHITE.obj
 0001:000191e0       TA_CDLGRAVESTONEDOJI       000000018001a1e0 f   ta_CDLGRAVESTONEDOJI.obj
 0001:00019d20       TA_CDLHAMMER_Lookback      000000018001ad20 f   ta_CDLHAMMER.obj
 0001:00019d20       TA_CDLHANGINGMAN_Lookback  000000018001ad20 f   ta_CDLHANGINGMAN.obj
 0001:00019d80       TA_CDLHAMMER               000000018001ad80 f   ta_CDLHAMMER.obj
 0001:0001b090       TA_CDLHANGINGMAN           000000018001c090 f   ta_CDLHANGINGMAN.obj
 0001:0001c3a0       TA_CDLHARAMI               000000018001d3a0 f   ta_CDLHARAMI.obj
 0001:0001cf90       TA_CDLHARAMICROSS          000000018001df90 f   ta_CDLHARAMICROSS.obj
 0001:0001db80       TA_CDLHIGHWAVE             000000018001eb80 f   ta_CDLHIGHWAVE.obj
 0001:0001e6d0       TA_CDLHIKKAKE              000000018001f6d0 f   ta_CDLHIKKAKE.obj
 0001:0001e9d0       TA_CDLHIKKAKEMOD           000000018001f9d0 f   ta_CDLHIKKAKEMOD.obj
 0001:0001f680       TA_CDLHOMINGPIGEON         0000000180020680 f   ta_CDLHOMINGPIGEON.obj
 0001:00020200       TA_CDLIDENTICAL3CROWS      0000000180021200 f   ta_CDLIDENTICAL3CROWS.obj
 0001:00020f50       TA_CDLINNECK               0000000180021f50 f   ta_CDLINNECK.obj
 0001:00021a80       TA_CDLINVERTEDHAMMER       0000000180022a80 f   ta_CDLINVERTEDHAMMER.obj
 0001:00022ba0       TA_CDLKICKING              0000000180023ba0 f   ta_CDLKICKING.obj
 0001:00023820       TA_CDLKICKINGBYLENGTH      0000000180024820 f   ta_CDLKICKINGBYLENGTH.obj
 0001:00024490       TA_CDLLADDERBOTTOM         0000000180025490 f   ta_CDLLADDERBOTTOM.obj
 0001:00024c20       TA_CDLLONGLEGGEDDOJI       0000000180025c20 f   ta_CDLLONGLEGGEDDOJI.obj
 0001:00025750       TA_CDLLONGLINE             0000000180026750 f   ta_CDLLONGLINE.obj
 0001:00026290       TA_CDLMARUBOZU             0000000180027290 f   ta_CDLMARUBOZU.obj
 0001:00026dd0       TA_CDLMATCHINGLOW          0000000180027dd0 f   ta_CDLMATCHINGLOW.obj
 0001:00027520       TA_CDLMATHOLD_Lookback     0000000180028520 f   ta_CDLMATHOLD.obj
 0001:00027560       TA_CDLMATHOLD              0000000180028560 f   ta_CDLMATHOLD.obj
 0001:000282e0       TA_CDLMORNINGDOJISTAR      00000001800292e0 f   ta_CDLMORNINGDOJISTAR.obj
 0001:00029430       TA_CDLMORNINGSTAR          000000018002a430 f   ta_CDLMORNINGSTAR.obj
 0001:0002a0d0       TA_CDLONNECK               000000018002b0d0 f   ta_CDLONNECK.obj
 0001:0002ad00       TA_CDLPIERCING             000000018002bd00 f   ta_CDLPIERCING.obj
 0001:0002b3b0       TA_CDLRICKSHAWMAN          000000018002c3b0 f   ta_CDLRICKSHAWMAN.obj
 0001:0002c400       TA_CDLRISEFALL3METHODS     000000018002d400 f   ta_CDLRISEFALL3METHODS.obj
 0001:0002d210       TA_CDLSEPARATINGLINES      000000018002e210 f   ta_CDLSEPARATINGLINES.obj
 0001:0002e290       TA_CDLSHOOTINGSTAR         000000018002f290 f   ta_CDLSHOOTINGSTAR.obj
 0001:0002f390       TA_CDLSHORTLINE            0000000180030390 f   ta_CDLSHORTLINE.obj
 0001:0002fee0       TA_CDLSPINNINGTOP          0000000180030ee0 f   ta_CDLSPINNINGTOP.obj
 0001:000304f0       TA_CDLSTALLEDPATTERN       00000001800314f0 f   ta_CDLSTALLEDPATTERN.obj
 0001:000318e0       TA_CDLSTICKSANDWICH        00000001800328e0 f   ta_CDLSTICKSANDWICH.obj
 0001:00032090       TA_CDLTAKURI               0000000180033090 f   ta_CDLTAKURI.obj
 0001:00033100       TA_CDLTASUKIGAP            0000000180034100 f   ta_CDLTASUKIGAP.obj
 0001:00033990       TA_CDLTHRUSTING            0000000180034990 f   ta_CDLTHRUSTING.obj
 0001:00034500       TA_CDLTRISTAR              0000000180035500 f   ta_CDLTRISTAR.obj
 0001:00034d40       TA_CDLUNIQUE3RIVER         0000000180035d40 f   ta_CDLUNIQUE3RIVER.obj
 0001:00035960       TA_CDLUPSIDEGAP2CROWS      0000000180036960 f   ta_CDLUPSIDEGAP2CROWS.obj
 0001:00036580       TA_CDLXSIDEGAP3METHODS     0000000180037580 f   ta_CDLXSIDEGAP3METHODS.obj
 0001:000367c0       TA_CEIL                    00000001800377c0 f   ta_CEIL.obj
 0001:000368b0       TA_CMO_Lookback            00000001800378b0 f   ta_CMO.obj
 0001:000368f0       TA_CMO                     00000001800378f0 f   ta_CMO.obj
 0001:00036f40       TA_CORREL                  0000000180037f40 f   ta_CORREL.obj
 0001:00037460       TA_COS                     0000000180038460 f   ta_COS.obj
 0001:00037550       TA_COSH                    0000000180038550 f   ta_COSH.obj
 0001:00037640       TA_DEMA_Lookback           0000000180038640 f   ta_DEMA.obj
 0001:00037690       TA_DEMA                    0000000180038690 f   ta_DEMA.obj
 0001:00037970       TA_DIV                     0000000180038970 f   ta_DIV.obj
 0001:00037b00       TA_DX                      0000000180038b00 f   ta_DX.obj
 0001:00038060       TA_EMA_Lookback            0000000180039060 f   ta_EMA.obj
 0001:000380a0       TA_EMA                     00000001800390a0 f   ta_EMA.obj
 0001:00038150       TA_INT_EMA                 0000000180039150 f   ta_EMA.obj
 0001:00038450       TA_EXP                     0000000180039450 f   ta_EXP.obj
 0001:00038540       TA_FLOOR                   0000000180039540 f   ta_FLOOR.obj
 0001:00038630       TA_HT_DCPERIOD             0000000180039630 f   ta_HT_DCPERIOD.obj
 0001:00038e80       TA_HT_DCPHASE              0000000180039e80 f   ta_HT_DCPHASE.obj
 0001:00039900       TA_HT_PHASOR               000000018003a900 f   ta_HT_PHASOR.obj
 0001:0003a170       TA_HT_SINE                 000000018003b170 f   ta_HT_SINE.obj
 0001:0003ac50       TA_HT_TRENDLINE            000000018003bc50 f   ta_HT_TRENDLINE.obj
 0001:0003b5c0       TA_HT_TRENDMODE            000000018003c5c0 f   ta_HT_TRENDMODE.obj
 0001:0003c260       TA_IMI_Lookback            000000018003d260 f   ta_IMI.obj
 0001:0003c2a0       TA_IMI                     000000018003d2a0 f   ta_IMI.obj
 0001:0003c590       TA_KAMA_Lookback           000000018003d590 f   ta_KAMA.obj
 0001:0003c5d0       TA_KAMA                    000000018003d5d0 f   ta_KAMA.obj
 0001:0003ce40       TA_LINEARREG_ANGLE         000000018003de40 f   ta_LINEARREG_ANGLE.obj
 0001:0003d090       TA_LINEARREG_INTERCEPT     000000018003e090 f   ta_LINEARREG_INTERCEPT.obj
 0001:0003d280       TA_LINEARREG_SLOPE         000000018003e280 f   ta_LINEARREG_SLOPE.obj
 0001:0003d470       TA_LINEARREG               000000018003e470 f   ta_LINEARREG.obj
 0001:0003d690       TA_LN                      000000018003e690 f   ta_LN.obj
 0001:0003d780       TA_LOG10                   000000018003e780 f   ta_LOG10.obj
 0001:0003d870       TA_MA_Lookback             000000018003e870 f   ta_MA.obj
 0001:0003d9c0       TA_MA                      000000018003e9c0 f   ta_MA.obj
 0001:0003ddb0       TA_MACD_Lookback           000000018003edb0 f   ta_MACD.obj
 0001:0003de80       TA_MACD                    000000018003ee80 f   ta_MACD.obj
 0001:0003dfb0       TA_INT_MACD                000000018003efb0 f   ta_MACD.obj
 0001:0003e570       TA_MACDEXT_Lookback        000000018003f570 f   ta_MACDEXT.obj
 0001:0003e680       TA_MACDEXT                 000000018003f680 f   ta_MACDEXT.obj
 0001:0003ecc0       TA_MACDFIX_Lookback        000000018003fcc0 f   ta_MACDFIX.obj
 0001:0003ed20       TA_MACDFIX                 000000018003fd20 f   ta_MACDFIX.obj
 0001:0003edf0       TA_MAMA_Lookback           000000018003fdf0 f   ta_MAMA.obj
 0001:0003ee50       TA_MAMA                    000000018003fe50 f   ta_MAMA.obj
 0001:0003f860       TA_MAVP                    0000000180040860 f   ta_MAVP.obj
 0001:0003fd80       TA_MAX                     0000000180040d80 f   ta_MAX.obj
 0001:0003ffe0       TA_MAXINDEX                0000000180040fe0 f   ta_MAXINDEX.obj
 0001:00040230       TA_MEDPRICE                0000000180041230 f   ta_MEDPRICE.obj
 0001:00040400       TA_MFI                     0000000180041400 f   ta_MFI.obj
 0001:00040b70       TA_MIDPOINT                0000000180041b70 f   ta_MIDPOINT.obj
 0001:00040d30       TA_MIDPRICE                0000000180041d30 f   ta_MIDPRICE.obj
 0001:00040f50       TA_MIN                     0000000180041f50 f   ta_MIN.obj
 0001:000411b0       TA_MININDEX                00000001800421b0 f   ta_MININDEX.obj
 0001:00041400       TA_MINMAX                  0000000180042400 f   ta_MINMAX.obj
 0001:00041790       TA_MINMAXINDEX             0000000180042790 f   ta_MINMAXINDEX.obj
 0001:00041af0       TA_MINUS_DI                0000000180042af0 f   ta_MINUS_DI.obj
 0001:00042090       TA_MINUS_DM                0000000180043090 f   ta_MINUS_DM.obj
 0001:000423d0       TA_MOM                     00000001800433d0 f   ta_MOM.obj
 0001:000425b0       TA_MULT                    00000001800435b0 f   ta_MULT.obj
 0001:00042740       TA_NATR_Lookback           0000000180043740 f   ta_NATR.obj
 0001:00042780       TA_NATR                    0000000180043780 f   ta_NATR.obj
 0001:00042ac0       TA_OBV                     0000000180043ac0 f   ta_OBV.obj
 0001:00042ca0       TA_PLUS_DI                 0000000180043ca0 f   ta_PLUS_DI.obj
 0001:00043210       TA_PLUS_DM                 0000000180044210 f   ta_PLUS_DM.obj
 0001:00043530       TA_PPO                     0000000180044530 f   ta_PPO.obj
 0001:000436d0       TA_ROC                     00000001800446d0 f   ta_ROC.obj
 0001:00043920       TA_ROCP                    0000000180044920 f   ta_ROCP.obj
 0001:00043b50       TA_ROCR                    0000000180044b50 f   ta_ROCR.obj
 0001:00043d70       TA_ROCR100                 0000000180044d70 f   ta_ROCR100.obj
 0001:00043fb0       TA_RSI_Lookback            0000000180044fb0 f   ta_RSI.obj
 0001:00043ff0       TA_RSI                     0000000180044ff0 f   ta_RSI.obj
 0001:00044640       TA_SAR                     0000000180045640 f   ta_SAR.obj
 0001:000449d0       TA_SAREXT_Lookback         00000001800459d0 f   ta_SAREXT.obj
 0001:00044ae0       TA_SAREXT                  0000000180045ae0 f   ta_SAREXT.obj
 0001:000450f0       TA_SIN                     00000001800460f0 f   ta_SIN.obj
 0001:000451e0       TA_SINH                    00000001800461e0 f   ta_SINH.obj
 0001:000452d0       TA_SMA                     00000001800462d0 f   ta_SMA.obj
 0001:00045320       TA_INT_SMA                 0000000180046320 f   ta_SMA.obj
 0001:00045460       TA_SQRT                    0000000180046460 f   ta_SQRT.obj
 0001:00045630       TA_STDDEV_Lookback         0000000180046630 f   ta_STDDEV.obj
 0001:000456c0       TA_STDDEV                  00000001800466c0 f   ta_STDDEV.obj
 0001:00045890       TA_INT_stddev_using_precalc_ma 0000000180046890 f   ta_STDDEV.obj
 0001:00045a30       TA_STOCH_Lookback          0000000180046a30 f   ta_STOCH.obj
 0001:00045b00       TA_STOCH                   0000000180046b00 f   ta_STOCH.obj
 0001:00046180       TA_STOCHF_Lookback         0000000180047180 f   ta_STOCHF.obj
 0001:000461f0       TA_STOCHF                  00000001800471f0 f   ta_STOCHF.obj
 0001:000467d0       TA_STOCHRSI_Lookback       00000001800477d0 f   ta_STOCHRSI.obj
 0001:000468d0       TA_STOCHRSI                00000001800478d0 f   ta_STOCHRSI.obj
 0001:00046ba0       TA_SUB                     0000000180047ba0 f   ta_SUB.obj
 0001:00046d30       TA_SUM                     0000000180047d30 f   ta_SUM.obj
 0001:00046ec0       TA_T3_Lookback             0000000180047ec0 f   ta_T3.obj
 0001:00046f20       TA_T3                      0000000180047f20 f   ta_T3.obj
 0001:00047fe0       TA_TAN                     0000000180048fe0 f   ta_TAN.obj
 0001:000480d0       TA_TANH                    00000001800490d0 f   ta_TANH.obj
 0001:000481c0       TA_TEMA_Lookback           00000001800491c0 f   ta_TEMA.obj
 0001:00048210       TA_TEMA                    0000000180049210 f   ta_TEMA.obj
 0001:00048560       TA_TRANGE                  0000000180049560 f   ta_TRANGE.obj
 0001:00048840       TA_TRIMA                   0000000180049840 f   ta_TRIMA.obj
 0001:00048fe0       TA_TRIX                    0000000180049fe0 f   ta_TRIX.obj
 0001:000492a0       TA_TSF                     000000018004a2a0 f   ta_TSF.obj
 0001:000494a0       TA_TYPPRICE                000000018004a4a0 f   ta_TYPPRICE.obj
 0001:000496d0       TA_ULTOSC_Lookback         000000018004a6d0 f   ta_ULTOSC.obj
 0001:00049760       TA_ULTOSC                  000000018004a760 f   ta_ULTOSC.obj
 0001:0004a2f0       TA_VAR                     000000018004b2f0 f   ta_VAR.obj
 0001:0004a3b0       TA_INT_VAR                 000000018004b3b0 f   ta_VAR.obj
 0001:0004a560       TA_WCLPRICE                000000018004b560 f   ta_WCLPRICE.obj
 0001:0004a7b0       TA_WILLR                   000000018004b7b0 f   ta_WILLR.obj
 0001:0004abd0       TA_WMA                     000000018004bbd0 f   ta_WMA.obj
 0001:0004b120       ?New@?$Factory@VFunctionTemplate@v8@@@imp@Nan@@SA?AV?$Local@VFunctionTemplate@v8@@@v8@@P6AXAEBV?$FunctionCallbackInfo@VValue@v8@@@3@@ZV?$Local@VValue@v8@@@5@V?$Local@VSignature@v8@@@5@@Z 000000018004c120 f i talib-binding.generated.obj
 0001:0004b310       ?ThrowError@Nan@@YAXPEBD@Z 000000018004c310 f i talib-binding.generated.obj
 0001:0004b3a0       ?ThrowRangeError@Nan@@YAXPEBD@Z 000000018004c3a0 f i talib-binding.generated.obj
 0001:0004b430       ?TA_FUNC_ACCBANDS@@YAXAEBV?$FunctionCallbackInfo@VValue@v8@@@Nan@@@Z 000000018004c430 f   talib-binding.generated.obj
 0001:0004bfb0       ?TA_FUNC_ACOS@@YAXAEBV?$FunctionCallbackInfo@VValue@v8@@@Nan@@@Z 000000018004cfb0 f   talib-binding.generated.obj
 0001:0004c5b0       ?TA_FUNC_AD@@YAXAEBV?$FunctionCallbackInfo@VValue@v8@@@Nan@@@Z 000000018004d5b0 f   talib-binding.generated.obj
 0001:0004cef0       ?TA_FUNC_ADD@@YAXAEBV?$FunctionCallbackInfo@VValue@v8@@@Nan@@@Z 000000018004def0 f   talib-binding.generated.obj
 0001:0004d600       ?TA_FUNC_ADOSC@@YAXAEBV?$FunctionCallbackInfo@VValue@v8@@@Nan@@@Z 000000018004e600 f   talib-binding.generated.obj
 0001:0004e0a0       ?TA_FUNC_ADX@@YAXAEBV?$FunctionCallbackInfo@VValue@v8@@@Nan@@@Z 000000018004f0a0 f   talib-binding.generated.obj
 0001:0004e9f0       ?TA_FUNC_ADXR@@YAXAEBV?$FunctionCallbackInfo@VValue@v8@@@Nan@@@Z 000000018004f9f0 f   talib-binding.generated.obj
 0001:0004f360       ?TA_FUNC_APO@@YAXAEBV?$FunctionCallbackInfo@VValue@v8@@@Nan@@@Z 0000000180050360 f   talib-binding.generated.obj
 0001:0004fba0       ?TA_FUNC_AROON@@YAXAEBV?$FunctionCallbackInfo@VValue@v8@@@Nan@@@Z 0000000180050ba0 f   talib-binding.generated.obj
 0001:00050510       ?TA_FUNC_AROONOSC@@YAXAEBV?$FunctionCallbackInfo@VValue@v8@@@Nan@@@Z 0000000180051510 f   talib-binding.generated.obj
 0001:00050d20       ?TA_FUNC_ASIN@@YAXAEBV?$FunctionCallbackInfo@VValue@v8@@@Nan@@@Z 0000000180051d20 f   talib-binding.generated.obj
 0001:00051320       ?TA_FUNC_ATAN@@YAXAEBV?$FunctionCallbackInfo@VValue@v8@@@Nan@@@Z 0000000180052320 f   talib-binding.generated.obj
 0001:00051920       ?TA_FUNC_ATR@@YAXAEBV?$FunctionCallbackInfo@VValue@v8@@@Nan@@@Z 0000000180052920 f   talib-binding.generated.obj
 0001:00052270       ?TA_FUNC_AVGPRICE@@YAXAEBV?$FunctionCallbackInfo@VValue@v8@@@Nan@@@Z 0000000180053270 f   talib-binding.generated.obj
 0001:00052bb0       ?TA_FUNC_AVGDEV@@YAXAEBV?$FunctionCallbackInfo@VValue@v8@@@Nan@@@Z 0000000180053bb0 f   talib-binding.generated.obj
 0001:000532a0       ?TA_FUNC_BBANDS@@YAXAEBV?$FunctionCallbackInfo@VValue@v8@@@Nan@@@Z 00000001800542a0 f   talib-binding.generated.obj
 0001:00053e20       ?TA_FUNC_BETA@@YAXAEBV?$FunctionCallbackInfo@VValue@v8@@@Nan@@@Z 0000000180054e20 f   talib-binding.generated.obj
 0001:000545d0       ?TA_FUNC_BOP@@YAXAEBV?$FunctionCallbackInfo@VValue@v8@@@Nan@@@Z 00000001800555d0 f   talib-binding.generated.obj
 0001:00054f20       ?TA_FUNC_CCI@@YAXAEBV?$FunctionCallbackInfo@VValue@v8@@@Nan@@@Z 0000000180055f20 f   talib-binding.generated.obj
 0001:00055860       ?TA_FUNC_CDL2CROWS@@YAXAEBV?$FunctionCallbackInfo@VValue@v8@@@Nan@@@Z 0000000180056860 f   talib-binding.generated.obj
 0001:000561b0       ?TA_FUNC_CDL3BLACKCROWS@@YAXAEBV?$FunctionCallbackInfo@VValue@v8@@@Nan@@@Z 00000001800571b0 f   talib-binding.generated.obj
 0001:00056b00       ?TA_FUNC_CDL3INSIDE@@YAXAEBV?$FunctionCallbackInfo@VValue@v8@@@Nan@@@Z 0000000180057b00 f   talib-binding.generated.obj
 0001:00057460       ?TA_FUNC_CDL3LINESTRIKE@@YAXAEBV?$FunctionCallbackInfo@VValue@v8@@@Nan@@@Z 0000000180058460 f   talib-binding.generated.obj
 0001:00057db0       ?TA_FUNC_CDL3OUTSIDE@@YAXAEBV?$FunctionCallbackInfo@VValue@v8@@@Nan@@@Z 0000000180058db0 f   talib-binding.generated.obj
 0001:00058710       ?TA_FUNC_CDL3STARSINSOUTH@@YAXAEBV?$FunctionCallbackInfo@VValue@v8@@@Nan@@@Z 0000000180059710 f   talib-binding.generated.obj
 0001:000590a0       ?TA_FUNC_CDL3WHITESOLDIERS@@YAXAEBV?$FunctionCallbackInfo@VValue@v8@@@Nan@@@Z 000000018005a0a0 f   talib-binding.generated.obj
 0001:00059a40       ?TA_FUNC_CDLABANDONEDBABY@@YAXAEBV?$FunctionCallbackInfo@VValue@v8@@@Nan@@@Z 000000018005aa40 f   talib-binding.generated.obj
 0001:0005a430       ?TA_FUNC_CDLADVANCEBLOCK@@YAXAEBV?$FunctionCallbackInfo@VValue@v8@@@Nan@@@Z 000000018005b430 f   talib-binding.generated.obj
 0001:0005ad80       ?TA_FUNC_CDLBELTHOLD@@YAXAEBV?$FunctionCallbackInfo@VValue@v8@@@Nan@@@Z 000000018005bd80 f   talib-binding.generated.obj
 0001:0005b6f0       ?TA_FUNC_CDLBREAKAWAY@@YAXAEBV?$FunctionCallbackInfo@VValue@v8@@@Nan@@@Z 000000018005c6f0 f   talib-binding.generated.obj
 0001:0005c040       ?TA_FUNC_CDLCLOSINGMARUBOZU@@YAXAEBV?$FunctionCallbackInfo@VValue@v8@@@Nan@@@Z 000000018005d040 f   talib-binding.generated.obj
 0001:0005c9b0       ?TA_FUNC_CDLCONCEALBABYSWALL@@YAXAEBV?$FunctionCallbackInfo@VValue@v8@@@Nan@@@Z 000000018005d9b0 f   talib-binding.generated.obj
 0001:0005d310       ?TA_FUNC_CDLCOUNTERATTACK@@YAXAEBV?$FunctionCallbackInfo@VValue@v8@@@Nan@@@Z 000000018005e310 f   talib-binding.generated.obj
 0001:0005dc70       ?TA_FUNC_CDLDARKCLOUDCOVER@@YAXAEBV?$FunctionCallbackInfo@VValue@v8@@@Nan@@@Z 000000018005ec70 f   talib-binding.generated.obj
 0001:0005e6a0       ?TA_FUNC_CDLDOJI@@YAXAEBV?$FunctionCallbackInfo@VValue@v8@@@Nan@@@Z 000000018005f6a0 f   talib-binding.generated.obj
 0001:0005eff0       ?TA_FUNC_CDLDOJISTAR@@YAXAEBV?$FunctionCallbackInfo@VValue@v8@@@Nan@@@Z 000000018005fff0 f   talib-binding.generated.obj
 0001:0005f960       ?TA_FUNC_CDLDRAGONFLYDOJI@@YAXAEBV?$FunctionCallbackInfo@VValue@v8@@@Nan@@@Z 0000000180060960 f   talib-binding.generated.obj
 0001:000602c0       ?TA_FUNC_CDLENGULFING@@YAXAEBV?$FunctionCallbackInfo@VValue@v8@@@Nan@@@Z 00000001800612c0 f   talib-binding.generated.obj
 0001:00060c00       ?TA_FUNC_CDLEVENINGDOJISTAR@@YAXAEBV?$FunctionCallbackInfo@VValue@v8@@@Nan@@@Z 0000000180061c00 f   talib-binding.generated.obj
 0001:00061600       ?TA_FUNC_CDLEVENINGSTAR@@YAXAEBV?$FunctionCallbackInfo@VValue@v8@@@Nan@@@Z 0000000180062600 f   talib-binding.generated.obj
 0001:00062030       ?TA_FUNC_CDLGAPSIDESIDEWHITE@@YAXAEBV?$FunctionCallbackInfo@VValue@v8@@@Nan@@@Z 0000000180063030 f   talib-binding.generated.obj
 0001:000629a0       ?TA_FUNC_CDLGRAVESTONEDOJI@@YAXAEBV?$FunctionCallbackInfo@VValue@v8@@@Nan@@@Z 00000001800639a0 f   talib-binding.generated.obj
 0001:00063310       ?TA_FUNC_CDLHAMMER@@YAXAEBV?$FunctionCallbackInfo@VValue@v8@@@Nan@@@Z 0000000180064310 f   talib-binding.generated.obj
 0001:00063c60       ?TA_FUNC_CDLHANGINGMAN@@YAXAEBV?$FunctionCallbackInfo@VValue@v8@@@Nan@@@Z 0000000180064c60 f   talib-binding.generated.obj
 0001:000645b0       ?TA_FUNC_CDLHARAMI@@YAXAEBV?$FunctionCallbackInfo@VValue@v8@@@Nan@@@Z 00000001800655b0 f   talib-binding.generated.obj
 0001:00064f10       ?TA_FUNC_CDLHARAMICROSS@@YAXAEBV?$FunctionCallbackInfo@VValue@v8@@@Nan@@@Z 0000000180065f10 f   talib-binding.generated.obj
 0001:00065870       ?TA_FUNC_CDLHIGHWAVE@@YAXAEBV?$FunctionCallbackInfo@VValue@v8@@@Nan@@@Z 0000000180066870 f   talib-binding.generated.obj
 0001:000661e0       ?TA_FUNC_CDLHIKKAKE@@YAXAEBV?$FunctionCallbackInfo@VValue@v8@@@Nan@@@Z 00000001800671e0 f   talib-binding.generated.obj
 0001:00066b30       ?TA_FUNC_CDLHIKKAKEMOD@@YAXAEBV?$FunctionCallbackInfo@VValue@v8@@@Nan@@@Z 0000000180067b30 f   talib-binding.generated.obj
 0001:00067490       ?TA_FUNC_CDLHOMINGPIGEON@@YAXAEBV?$FunctionCallbackInfo@VValue@v8@@@Nan@@@Z 0000000180068490 f   talib-binding.generated.obj
 0001:00067e00       ?TA_FUNC_CDLIDENTICAL3CROWS@@YAXAEBV?$FunctionCallbackInfo@VValue@v8@@@Nan@@@Z 0000000180068e00 f   talib-binding.generated.obj
 0001:00068770       ?TA_FUNC_CDLINNECK@@YAXAEBV?$FunctionCallbackInfo@VValue@v8@@@Nan@@@Z 0000000180069770 f   talib-binding.generated.obj
 0001:000690d0       ?TA_FUNC_CDLINVERTEDHAMMER@@YAXAEBV?$FunctionCallbackInfo@VValue@v8@@@Nan@@@Z 000000018006a0d0 f   talib-binding.generated.obj
 0001:00069a60       ?TA_FUNC_CDLKICKING@@YAXAEBV?$FunctionCallbackInfo@VValue@v8@@@Nan@@@Z 000000018006aa60 f   talib-binding.generated.obj
 0001:0006a3c0       ?TA_FUNC_CDLKICKINGBYLENGTH@@YAXAEBV?$FunctionCallbackInfo@VValue@v8@@@Nan@@@Z 000000018006b3c0 f   talib-binding.generated.obj
 0001:0006ad30       ?TA_FUNC_CDLLADDERBOTTOM@@YAXAEBV?$FunctionCallbackInfo@VValue@v8@@@Nan@@@Z 000000018006bd30 f   talib-binding.generated.obj
 0001:0006b690       ?TA_FUNC_CDLLONGLEGGEDDOJI@@YAXAEBV?$FunctionCallbackInfo@VValue@v8@@@Nan@@@Z 000000018006c690 f   talib-binding.generated.obj
 0001:0006c000       ?TA_FUNC_CDLLONGLINE@@YAXAEBV?$FunctionCallbackInfo@VValue@v8@@@Nan@@@Z 000000018006d000 f   talib-binding.generated.obj
 0001:0006c970       ?TA_FUNC_CDLMARUBOZU@@YAXAEBV?$FunctionCallbackInfo@VValue@v8@@@Nan@@@Z 000000018006d970 f   talib-binding.generated.obj
 0001:0006d2e0       ?TA_FUNC_CDLMATCHINGLOW@@YAXAEBV?$FunctionCallbackInfo@VValue@v8@@@Nan@@@Z 000000018006e2e0 f   talib-binding.generated.obj
 0001:0006dc30       ?TA_FUNC_CDLMATHOLD@@YAXAEBV?$FunctionCallbackInfo@VValue@v8@@@Nan@@@Z 000000018006ec30 f   talib-binding.generated.obj
 0001:0006e650       ?TA_FUNC_CDLMORNINGDOJISTAR@@YAXAEBV?$FunctionCallbackInfo@VValue@v8@@@Nan@@@Z 000000018006f650 f   talib-binding.generated.obj
 0001:0006f050       ?TA_FUNC_CDLMORNINGSTAR@@YAXAEBV?$FunctionCallbackInfo@VValue@v8@@@Nan@@@Z 0000000180070050 f   talib-binding.generated.obj
 0001:0006fa80       ?TA_FUNC_CDLONNECK@@YAXAEBV?$FunctionCallbackInfo@VValue@v8@@@Nan@@@Z 0000000180070a80 f   talib-binding.generated.obj
 0001:000703e0       ?TA_FUNC_CDLPIERCING@@YAXAEBV?$FunctionCallbackInfo@VValue@v8@@@Nan@@@Z 00000001800713e0 f   talib-binding.generated.obj
 0001:00070d40       ?TA_FUNC_CDLRICKSHAWMAN@@YAXAEBV?$FunctionCallbackInfo@VValue@v8@@@Nan@@@Z 0000000180071d40 f   talib-binding.generated.obj
 0001:000716c0       ?TA_FUNC_CDLRISEFALL3METHODS@@YAXAEBV?$FunctionCallbackInfo@VValue@v8@@@Nan@@@Z 00000001800726c0 f   talib-binding.generated.obj
 0001:00072030       ?TA_FUNC_CDLSEPARATINGLINES@@YAXAEBV?$FunctionCallbackInfo@VValue@v8@@@Nan@@@Z 0000000180073030 f   talib-binding.generated.obj
 0001:000729c0       ?TA_FUNC_CDLSHOOTINGSTAR@@YAXAEBV?$FunctionCallbackInfo@VValue@v8@@@Nan@@@Z 00000001800739c0 f   talib-binding.generated.obj
 0001:00073350       ?TA_FUNC_CDLSHORTLINE@@YAXAEBV?$FunctionCallbackInfo@VValue@v8@@@Nan@@@Z 0000000180074350 f   talib-binding.generated.obj
 0001:00073cb0       ?TA_FUNC_CDLSPINNINGTOP@@YAXAEBV?$FunctionCallbackInfo@VValue@v8@@@Nan@@@Z 0000000180074cb0 f   talib-binding.generated.obj
 0001:00074600       ?TA_FUNC_CDLSTALLEDPATTERN@@YAXAEBV?$FunctionCallbackInfo@VValue@v8@@@Nan@@@Z 0000000180075600 f   talib-binding.generated.obj
 0001:00074fa0       ?TA_FUNC_CDLSTICKSANDWICH@@YAXAEBV?$FunctionCallbackInfo@VValue@v8@@@Nan@@@Z 0000000180075fa0 f   talib-binding.generated.obj
 0001:000758f0       ?TA_FUNC_CDLTAKURI@@YAXAEBV?$FunctionCallbackInfo@VValue@v8@@@Nan@@@Z 00000001800768f0 f   talib-binding.generated.obj
 0001:00076260       ?TA_FUNC_CDLTASUKIGAP@@YAXAEBV?$FunctionCallbackInfo@VValue@v8@@@Nan@@@Z 0000000180077260 f   talib-binding.generated.obj
 0001:00076bb0       ?TA_FUNC_CDLTHRUSTING@@YAXAEBV?$FunctionCallbackInfo@VValue@v8@@@Nan@@@Z 0000000180077bb0 f   talib-binding.generated.obj
 0001:00077510       ?TA_FUNC_CDLTRISTAR@@YAXAEBV?$FunctionCallbackInfo@VValue@v8@@@Nan@@@Z 0000000180078510 f   talib-binding.generated.obj
 0001:00077e60       ?TA_FUNC_CDLUNIQUE3RIVER@@YAXAEBV?$FunctionCallbackInfo@VValue@v8@@@Nan@@@Z 0000000180078e60 f   talib-binding.generated.obj
 0001:000787d0       ?TA_FUNC_CDLUPSIDEGAP2CROWS@@YAXAEBV?$FunctionCallbackInfo@VValue@v8@@@Nan@@@Z 00000001800797d0 f   talib-binding.generated.obj
 0001:00079140       ?TA_FUNC_CDLXSIDEGAP3METHODS@@YAXAEBV?$FunctionCallbackInfo@VValue@v8@@@Nan@@@Z 000000018007a140 f   talib-binding.generated.obj
 0001:00079aa0       ?TA_FUNC_CEIL@@YAXAEBV?$FunctionCallbackInfo@VValue@v8@@@Nan@@@Z 000000018007aaa0 f   talib-binding.generated.obj
 0001:0007a0a0       ?TA_FUNC_CMO@@YAXAEBV?$FunctionCallbackInfo@VValue@v8@@@Nan@@@Z 000000018007b0a0 f   talib-binding.generated.obj
 0001:0007a7b0       ?TA_FUNC_CORREL@@YAXAEBV?$FunctionCallbackInfo@VValue@v8@@@Nan@@@Z 000000018007b7b0 f   talib-binding.generated.obj
 0001:0007af70       ?TA_FUNC_COS@@YAXAEBV?$FunctionCallbackInfo@VValue@v8@@@Nan@@@Z 000000018007bf70 f   talib-binding.generated.obj
 0001:0007b590       ?TA_FUNC_COSH@@YAXAEBV?$FunctionCallbackInfo@VValue@v8@@@Nan@@@Z 000000018007c590 f   talib-binding.generated.obj
 0001:0007bb90       ?TA_FUNC_DEMA@@YAXAEBV?$FunctionCallbackInfo@VValue@v8@@@Nan@@@Z 000000018007cb90 f   talib-binding.generated.obj
 0001:0007c290       ?TA_FUNC_DIV@@YAXAEBV?$FunctionCallbackInfo@VValue@v8@@@Nan@@@Z 000000018007d290 f   talib-binding.generated.obj
 0001:0007c9a0       ?TA_FUNC_DX@@YAXAEBV?$FunctionCallbackInfo@VValue@v8@@@Nan@@@Z 000000018007d9a0 f   talib-binding.generated.obj
 0001:0007d300       ?TA_FUNC_EMA@@YAXAEBV?$FunctionCallbackInfo@VValue@v8@@@Nan@@@Z 000000018007e300 f   talib-binding.generated.obj
 0001:0007da70       ?TA_FUNC_EXP@@YAXAEBV?$FunctionCallbackInfo@VValue@v8@@@Nan@@@Z 000000018007ea70 f   talib-binding.generated.obj
 0001:0007e090       ?TA_FUNC_FLOOR@@YAXAEBV?$FunctionCallbackInfo@VValue@v8@@@Nan@@@Z 000000018007f090 f   talib-binding.generated.obj
 0001:0007e690       ?TA_FUNC_HT_DCPERIOD@@YAXAEBV?$FunctionCallbackInfo@VValue@v8@@@Nan@@@Z 000000018007f690 f   talib-binding.generated.obj
 0001:0007ecc0       ?TA_FUNC_HT_DCPHASE@@YAXAEBV?$FunctionCallbackInfo@VValue@v8@@@Nan@@@Z 000000018007fcc0 f   talib-binding.generated.obj
 0001:0007f2f0       ?TA_FUNC_HT_PHASOR@@YAXAEBV?$FunctionCallbackInfo@VValue@v8@@@Nan@@@Z 00000001800802f0 f   talib-binding.generated.obj
 0001:0007fa90       ?TA_FUNC_HT_SINE@@YAXAEBV?$FunctionCallbackInfo@VValue@v8@@@Nan@@@Z 0000000180080a90 f   talib-binding.generated.obj
 0001:00080230       ?TA_FUNC_HT_TRENDLINE@@YAXAEBV?$FunctionCallbackInfo@VValue@v8@@@Nan@@@Z 0000000180081230 f   talib-binding.generated.obj
 0001:00080850       ?TA_FUNC_HT_TRENDMODE@@YAXAEBV?$FunctionCallbackInfo@VValue@v8@@@Nan@@@Z 0000000180081850 f   talib-binding.generated.obj
 0001:00080e60       ?TA_FUNC_IMI@@YAXAEBV?$FunctionCallbackInfo@VValue@v8@@@Nan@@@Z 0000000180081e60 f   talib-binding.generated.obj
 0001:00081690       ?TA_FUNC_KAMA@@YAXAEBV?$FunctionCallbackInfo@VValue@v8@@@Nan@@@Z 0000000180082690 f   talib-binding.generated.obj
 0001:00081d70       ?TA_FUNC_LINEARREG@@YAXAEBV?$FunctionCallbackInfo@VValue@v8@@@Nan@@@Z 0000000180082d70 f   talib-binding.generated.obj
 0001:00082460       ?TA_FUNC_LINEARREG_ANGLE@@YAXAEBV?$FunctionCallbackInfo@VValue@v8@@@Nan@@@Z 0000000180083460 f   talib-binding.generated.obj
 0001:00082b60       ?TA_FUNC_LINEARREG_INTERCEPT@@YAXAEBV?$FunctionCallbackInfo@VValue@v8@@@Nan@@@Z 0000000180083b60 f   talib-binding.generated.obj
 0001:00083270       ?TA_FUNC_LINEARREG_SLOPE@@YAXAEBV?$FunctionCallbackInfo@VValue@v8@@@Nan@@@Z 0000000180084270 f   talib-binding.generated.obj
 0001:00083970       ?TA_FUNC_LN@@YAXAEBV?$FunctionCallbackInfo@VValue@v8@@@Nan@@@Z 0000000180084970 f   talib-binding.generated.obj
 0001:00083f80       ?TA_FUNC_LOG10@@YAXAEBV?$FunctionCallbackInfo@VValue@v8@@@Nan@@@Z 0000000180084f80 f   talib-binding.generated.obj
 0001:00084580       ?TA_FUNC_MA@@YAXAEBV?$FunctionCallbackInfo@VValue@v8@@@Nan@@@Z 0000000180085580 f   talib-binding.generated.obj
 0001:00084d00       ?TA_FUNC_MACD@@YAXAEBV?$FunctionCallbackInfo@VValue@v8@@@Nan@@@Z 0000000180085d00 f   talib-binding.generated.obj
 0001:00085790       ?TA_FUNC_MACDEXT@@YAXAEBV?$FunctionCallbackInfo@VValue@v8@@@Nan@@@Z 0000000180086790 f   talib-binding.generated.obj
 0001:00086470       ?TA_FUNC_MACDFIX@@YAXAEBV?$FunctionCallbackInfo@VValue@v8@@@Nan@@@Z 0000000180087470 f   talib-binding.generated.obj
 0001:00086e10       ?TA_FUNC_MAMA@@YAXAEBV?$FunctionCallbackInfo@VValue@v8@@@Nan@@@Z 0000000180087e10 f   talib-binding.generated.obj
 0001:00087740       ?TA_FUNC_MAVP@@YAXAEBV?$FunctionCallbackInfo@VValue@v8@@@Nan@@@Z 0000000180088740 f   talib-binding.generated.obj
 0001:000880b0       ?TA_FUNC_MAX@@YAXAEBV?$FunctionCallbackInfo@VValue@v8@@@Nan@@@Z 00000001800890b0 f   talib-binding.generated.obj
 0001:000887b0       ?TA_FUNC_MAXINDEX@@YAXAEBV?$FunctionCallbackInfo@VValue@v8@@@Nan@@@Z 00000001800897b0 f   talib-binding.generated.obj
 0001:00088ea0       ?TA_FUNC_MEDPRICE@@YAXAEBV?$FunctionCallbackInfo@VValue@v8@@@Nan@@@Z 0000000180089ea0 f   talib-binding.generated.obj
 0001:000895d0       ?TA_FUNC_MFI@@YAXAEBV?$FunctionCallbackInfo@VValue@v8@@@Nan@@@Z 000000018008a5d0 f   talib-binding.generated.obj
 0001:0008a010       ?TA_FUNC_MIDPOINT@@YAXAEBV?$FunctionCallbackInfo@VValue@v8@@@Nan@@@Z 000000018008b010 f   talib-binding.generated.obj
 0001:0008a700       ?TA_FUNC_MIDPRICE@@YAXAEBV?$FunctionCallbackInfo@VValue@v8@@@Nan@@@Z 000000018008b700 f   talib-binding.generated.obj
 0001:0008af10       ?TA_FUNC_MIN@@YAXAEBV?$FunctionCallbackInfo@VValue@v8@@@Nan@@@Z 000000018008bf10 f   talib-binding.generated.obj
 0001:0008b610       ?TA_FUNC_MININDEX@@YAXAEBV?$FunctionCallbackInfo@VValue@v8@@@Nan@@@Z 000000018008c610 f   talib-binding.generated.obj
 0001:0008bd00       ?TA_FUNC_MINMAX@@YAXAEBV?$FunctionCallbackInfo@VValue@v8@@@Nan@@@Z 000000018008cd00 f   talib-binding.generated.obj
 0001:0008c560       ?TA_FUNC_MINMAXINDEX@@YAXAEBV?$FunctionCallbackInfo@VValue@v8@@@Nan@@@Z 000000018008d560 f   talib-binding.generated.obj
 0001:0008cdc0       ?TA_FUNC_MINUS_DI@@YAXAEBV?$FunctionCallbackInfo@VValue@v8@@@Nan@@@Z 000000018008ddc0 f   talib-binding.generated.obj
 0001:0008d710       ?TA_FUNC_MINUS_DM@@YAXAEBV?$FunctionCallbackInfo@VValue@v8@@@Nan@@@Z 000000018008e710 f   talib-binding.generated.obj
 0001:0008df50       ?TA_FUNC_MOM@@YAXAEBV?$FunctionCallbackInfo@VValue@v8@@@Nan@@@Z 000000018008ef50 f   talib-binding.generated.obj
 0001:0008e650       ?TA_FUNC_MULT@@YAXAEBV?$FunctionCallbackInfo@VValue@v8@@@Nan@@@Z 000000018008f650 f   talib-binding.generated.obj
 0001:0008ed40       ?TA_FUNC_NATR@@YAXAEBV?$FunctionCallbackInfo@VValue@v8@@@Nan@@@Z 000000018008fd40 f   talib-binding.generated.obj
 0001:0008f670       ?TA_FUNC_OBV@@YAXAEBV?$FunctionCallbackInfo@VValue@v8@@@Nan@@@Z 0000000180090670 f   talib-binding.generated.obj
 0001:0008fcf0       ?TA_FUNC_PLUS_DI@@YAXAEBV?$FunctionCallbackInfo@VValue@v8@@@Nan@@@Z 0000000180090cf0 f   talib-binding.generated.obj
 0001:00090650       ?TA_FUNC_PLUS_DM@@YAXAEBV?$FunctionCallbackInfo@VValue@v8@@@Nan@@@Z 0000000180091650 f   talib-binding.generated.obj
 0001:00090ea0       ?TA_FUNC_PPO@@YAXAEBV?$FunctionCallbackInfo@VValue@v8@@@Nan@@@Z 0000000180091ea0 f   talib-binding.generated.obj
 0001:000916e0       ?TA_FUNC_ROC@@YAXAEBV?$FunctionCallbackInfo@VValue@v8@@@Nan@@@Z 00000001800926e0 f   talib-binding.generated.obj
 0001:00091de0       ?TA_FUNC_ROCP@@YAXAEBV?$FunctionCallbackInfo@VValue@v8@@@Nan@@@Z 0000000180092de0 f   talib-binding.generated.obj
 0001:000924c0       ?TA_FUNC_ROCR@@YAXAEBV?$FunctionCallbackInfo@VValue@v8@@@Nan@@@Z 00000001800934c0 f   talib-binding.generated.obj
 0001:00092ba0       ?TA_FUNC_ROCR100@@YAXAEBV?$FunctionCallbackInfo@VValue@v8@@@Nan@@@Z 0000000180093ba0 f   talib-binding.generated.obj
 0001:00093290       ?TA_FUNC_RSI@@YAXAEBV?$FunctionCallbackInfo@VValue@v8@@@Nan@@@Z 0000000180094290 f   talib-binding.generated.obj
 0001:000939a0       ?TA_FUNC_SAR@@YAXAEBV?$FunctionCallbackInfo@VValue@v8@@@Nan@@@Z 00000001800949a0 f   talib-binding.generated.obj
 0001:000942d0       ?TA_FUNC_SAREXT@@YAXAEBV?$FunctionCallbackInfo@VValue@v8@@@Nan@@@Z 00000001800952d0 f   talib-binding.generated.obj
 0001:00095030       ?TA_FUNC_SIN@@YAXAEBV?$FunctionCallbackInfo@VValue@v8@@@Nan@@@Z 0000000180096030 f   talib-binding.generated.obj
 0001:00095650       ?TA_FUNC_SINH@@YAXAEBV?$FunctionCallbackInfo@VValue@v8@@@Nan@@@Z 0000000180096650 f   talib-binding.generated.obj
 0001:00095c50       ?TA_FUNC_SMA@@YAXAEBV?$FunctionCallbackInfo@VValue@v8@@@Nan@@@Z 0000000180096c50 f   talib-binding.generated.obj
 0001:000963a0       ?TA_FUNC_SQRT@@YAXAEBV?$FunctionCallbackInfo@VValue@v8@@@Nan@@@Z 00000001800973a0 f   talib-binding.generated.obj
 0001:000969a0       ?TA_FUNC_STDDEV@@YAXAEBV?$FunctionCallbackInfo@VValue@v8@@@Nan@@@Z 00000001800979a0 f   talib-binding.generated.obj
 0001:00097110       ?TA_FUNC_STOCH@@YAXAEBV?$FunctionCallbackInfo@VValue@v8@@@Nan@@@Z 0000000180098110 f   talib-binding.generated.obj
 0001:00097e80       ?TA_FUNC_STOCHF@@YAXAEBV?$FunctionCallbackInfo@VValue@v8@@@Nan@@@Z 0000000180098e80 f   talib-binding.generated.obj
 0001:00098a70       ?TA_FUNC_STOCHRSI@@YAXAEBV?$FunctionCallbackInfo@VValue@v8@@@Nan@@@Z 0000000180099a70 f   talib-binding.generated.obj
 0001:000994c0       ?TA_FUNC_SUB@@YAXAEBV?$FunctionCallbackInfo@VValue@v8@@@Nan@@@Z 000000018009a4c0 f   talib-binding.generated.obj
 0001:00099bd0       ?TA_FUNC_SUM@@YAXAEBV?$FunctionCallbackInfo@VValue@v8@@@Nan@@@Z 000000018009abd0 f   talib-binding.generated.obj
 0001:0009a2d0       ?TA_FUNC_T3@@YAXAEBV?$FunctionCallbackInfo@VValue@v8@@@Nan@@@Z 000000018009b2d0 f   talib-binding.generated.obj
 0001:0009aaa0       ?TA_FUNC_TAN@@YAXAEBV?$FunctionCallbackInfo@VValue@v8@@@Nan@@@Z 000000018009baa0 f   talib-binding.generated.obj
 0001:0009b0c0       ?TA_FUNC_TANH@@YAXAEBV?$FunctionCallbackInfo@VValue@v8@@@Nan@@@Z 000000018009c0c0 f   talib-binding.generated.obj
 0001:0009b6c0       ?TA_FUNC_TEMA@@YAXAEBV?$FunctionCallbackInfo@VValue@v8@@@Nan@@@Z 000000018009c6c0 f   talib-binding.generated.obj
 0001:0009bdc0       ?TA_FUNC_TRANGE@@YAXAEBV?$FunctionCallbackInfo@VValue@v8@@@Nan@@@Z 000000018009cdc0 f   talib-binding.generated.obj
 0001:0009c610       ?TA_FUNC_TRIMA@@YAXAEBV?$FunctionCallbackInfo@VValue@v8@@@Nan@@@Z 000000018009d610 f   talib-binding.generated.obj
 0001:0009cd00       ?TA_FUNC_TRIX@@YAXAEBV?$FunctionCallbackInfo@VValue@v8@@@Nan@@@Z 000000018009dd00 f   talib-binding.generated.obj
 0001:0009d420       ?TA_FUNC_TSF@@YAXAEBV?$FunctionCallbackInfo@VValue@v8@@@Nan@@@Z 000000018009e420 f   talib-binding.generated.obj
 0001:0009db20       ?TA_FUNC_TYPPRICE@@YAXAEBV?$FunctionCallbackInfo@VValue@v8@@@Nan@@@Z 000000018009eb20 f   talib-binding.generated.obj
 0001:0009e370       ?TA_FUNC_ULTOSC@@YAXAEBV?$FunctionCallbackInfo@VValue@v8@@@Nan@@@Z 000000018009f370 f   talib-binding.generated.obj
 0001:0009ee00       ?TA_FUNC_VAR@@YAXAEBV?$FunctionCallbackInfo@VValue@v8@@@Nan@@@Z 000000018009fe00 f   talib-binding.generated.obj
 0001:0009f680       ?TA_FUNC_WCLPRICE@@YAXAEBV?$FunctionCallbackInfo@VValue@v8@@@Nan@@@Z 00000001800a0680 f   talib-binding.generated.obj
 0001:0009fed0       ?TA_FUNC_WILLR@@YAXAEBV?$FunctionCallbackInfo@VValue@v8@@@Nan@@@Z 00000001800a0ed0 f   talib-binding.generated.obj
 0001:000a0800       ?TA_FUNC_WMA@@YAXAEBV?$FunctionCallbackInfo@VValue@v8@@@Nan@@@Z 00000001800a1800 f   talib-binding.generated.obj
 0001:000a0f10       ?Init@@YAXV?$Local@VObject@v8@@@v8@@0@Z 00000001800a1f10 f   talib-binding.generated.obj
 0001:000a6d7c       __imp_load_?Value@External@v8@@QEBAPEAXXZ 00000001800a7d7c f   node:node.exe
 0001:000a6d88       __tailMerge_node_exe       00000001800a7d88 f i node:node.exe
 0001:000a6e01       __imp_load_?New@External@v8@@SA?AV?$Local@VExternal@v8@@@2@PEAVIsolate@2@PEAX@Z 00000001800a7e01 f   node:node.exe
 0001:000a6e0d       __imp_load_?ThrowException@Isolate@v8@@QEAA?AV?$Local@VValue@v8@@@2@V32@@Z 00000001800a7e0d f   node:node.exe
 0001:000a6e19       __imp_load_?GetCurrentContext@Isolate@v8@@QEAA?AV?$Local@VContext@v8@@@2@XZ 00000001800a7e19 f   node:node.exe
 0001:000a6e25       __imp_load_?GetCurrent@Isolate@v8@@SAPEAV12@XZ 00000001800a7e25 f   node:node.exe
 0001:000a6e31       __imp_load_?CreateHandle@HandleScope@v8@@KAPEAPEAVObject@internal@2@PEAVIsolate@42@PEAV342@@Z 00000001800a7e31 f   node:node.exe
 0001:000a6e3d       __imp_load_?CreateHandle@HandleScope@v8@@CAPEAPEAVObject@internal@2@PEAVHeapObject@42@PEAV342@@Z 00000001800a7e3d f   node:node.exe
 0001:000a6e49       __imp_load_??1HandleScope@v8@@QEAA@XZ 00000001800a7e49 f   node:node.exe
 0001:000a6e55       __imp_load_??0HandleScope@v8@@QEAA@PEAVIsolate@1@@Z 00000001800a7e55 f   node:node.exe
 0001:000a6e61       __imp_load_?Error@Exception@v8@@SA?AV?$Local@VValue@v8@@@2@V?$Local@VString@v8@@@2@@Z 00000001800a7e61 f   node:node.exe
 0001:000a6e6d       __imp_load_?RangeError@Exception@v8@@SA?AV?$Local@VValue@v8@@@2@V?$Local@VString@v8@@@2@@Z 00000001800a7e6d f   node:node.exe
 0001:000a6e79       __imp_load_?New@Array@v8@@SA?AV?$Local@VArray@v8@@@2@PEAVIsolate@2@H@Z 00000001800a7e79 f   node:node.exe
 0001:000a6e85       __imp_load_?Length@Array@v8@@QEBAIXZ 00000001800a7e85 f   node:node.exe
 0001:000a6e91       __imp_load_?GetFunction@FunctionTemplate@v8@@QEAA?AV?$Local@VFunction@v8@@@2@XZ 00000001800a7e91 f   node:node.exe
 0001:000a6e9d       __imp_load_?New@FunctionTemplate@v8@@SA?AV?$Local@VFunctionTemplate@v8@@@2@PEAVIsolate@2@P6AXAEBV?$FunctionCallbackInfo@VValue@v8@@@2@@ZV?$Local@VValue@v8@@@2@V?$Local@VSignature@v8@@@2@HW4ConstructorBehavior@2@W4SideEffectType@2@@Z 00000001800a7e9d f   node:node.exe
 0001:000a6ea9       __imp_load_?ToLocalEmpty@V8@v8@@CAXXZ 00000001800a7ea9 f   node:node.exe
 0001:000a6eb5       __imp_load_?Int32Value@Value@v8@@QEBAHXZ 00000001800a7eb5 f   node:node.exe
 0001:000a6ec1       __imp_load_?NumberValue@Value@v8@@QEBANXZ 00000001800a7ec1 f   node:node.exe
 0001:000a6ecd       __imp_load_?IsInt32@Value@v8@@QEBA_NXZ 00000001800a7ecd f   node:node.exe
 0001:000a6ed9       __imp_load_?IsNumber@Value@v8@@QEBA_NXZ 00000001800a7ed9 f   node:node.exe
 0001:000a6ee5       __imp_load_?IsObject@Value@v8@@QEBA_NXZ 00000001800a7ee5 f   node:node.exe
 0001:000a6ef1       __imp_load_?Escape@EscapableHandleScope@v8@@AEAAPEAPEAVObject@internal@2@PEAPEAV342@@Z 00000001800a7ef1 f   node:node.exe
 0001:000a6efd       __imp_load_??0EscapableHandleScope@v8@@QEAA@PEAVIsolate@1@@Z 00000001800a7efd f   node:node.exe
 0001:000a6f09       __imp_load_?NewFromUtf8@String@v8@@SA?AV?$MaybeLocal@VString@v8@@@2@PEAVIsolate@2@PEBDW4NewStringType@2@H@Z 00000001800a7f09 f   node:node.exe
 0001:000a6f15       __imp_load_?New@Number@v8@@SA?AV?$Local@VNumber@v8@@@2@PEAVIsolate@2@N@Z 00000001800a7f15 f   node:node.exe
 0001:000a6f21       __imp_load_?SlowGetInternalField@Object@v8@@AEAA?AV?$Local@VValue@v8@@@2@H@Z 00000001800a7f21 f   node:node.exe
 0001:000a6f2d       __imp_load_?New@Object@v8@@SA?AV?$Local@VObject@v8@@@2@PEAVIsolate@2@@Z 00000001800a7f2d f   node:node.exe
 0001:000a6f39       __imp_load_?SetInternalField@Object@v8@@QEAAXHV?$Local@VValue@v8@@@2@@Z 00000001800a7f39 f   node:node.exe
 0001:000a6f45       __imp_load_?Get@Object@v8@@QEAA?AV?$Local@VValue@v8@@@2@V32@@Z 00000001800a7f45 f   node:node.exe
 0001:000a6f51       __imp_load_?Get@Object@v8@@QEAA?AV?$Local@VValue@v8@@@2@I@Z 00000001800a7f51 f   node:node.exe
 0001:000a6f5d       __imp_load_?Set@Object@v8@@QEAA_NV?$Local@VValue@v8@@@2@0@Z 00000001800a7f5d f   node:node.exe
 0001:000a6f69       __imp_load_?Set@Object@v8@@QEAA_NIV?$Local@VValue@v8@@@2@@Z 00000001800a7f69 f   node:node.exe
 0001:000a6f75       __imp_load_?SetInternalFieldCount@ObjectTemplate@v8@@QEAAXH@Z 00000001800a7f75 f   node:node.exe
 0001:000a6f81       __imp_load_?NewInstance@ObjectTemplate@v8@@QEAA?AV?$MaybeLocal@VObject@v8@@@2@V?$Local@VContext@v8@@@2@@Z 00000001800a7f81 f   node:node.exe
 0001:000a6f8d       __imp_load_?New@ObjectTemplate@v8@@SA?AV?$Local@VObjectTemplate@v8@@@2@PEAVIsolate@2@V?$Local@VFunctionTemplate@v8@@@2@@Z 00000001800a7f8d f   node:node.exe
 0001:000a6f99       __imp_load_node_module_register 00000001800a7f99 f   node:node.exe
 0001:000a6fa5       __imp_load_?ToObject@Value@v8@@QEBA?AV?$Local@VObject@v8@@@2@XZ 00000001800a7fa5 f   node:node.exe
 0001:000a6fb1       __imp_load_?ToString@Value@v8@@QEBA?AV?$Local@VString@v8@@@2@XZ 00000001800a7fb1 f   node:node.exe
 0001:000a6fd0       __security_check_cookie    00000001800a7fd0 f   LIBCMT:_amdsecgs_.obj
 0001:000a6ff4       ??_V@YAXPEAX@Z             00000001800a7ff4 f   LIBCMT:delete_array.obj
 0001:000a6ff4       ??3@YAXPEAX_K@Z            00000001800a7ff4 f   LIBCMT:delete_scalar_size.obj
 0001:000a6ffc       ??_U@YAPEAX_K@Z            00000001800a7ffc f   LIBCMT:new_array.obj
 0001:000a7350       _DllMainCRTStartup         00000001800a8350 f   LIBCMT:dll_dllmain.obj
 0001:000a7390       __raise_securityfailure    00000001800a8390 f   LIBCMT:gs_report.obj
 0001:000a73c4       __report_gsfailure         00000001800a83c4 f   LIBCMT:gs_report.obj
 0001:000a7498       __report_rangecheckfailure 00000001800a8498 f   LIBCMT:gs_report.obj
 0001:000a74ac       __report_securityfailure   00000001800a84ac f   LIBCMT:gs_report.obj
 0001:000a762c       ??3@YAXPEAX@Z              00000001800a862c f   LIBCMT:delete_scalar.obj
 0001:000a7634       ??2@YAPEAX_K@Z             00000001800a8634 f   LIBCMT:new_scalar.obj
 0001:000a7670       __scrt_acquire_startup_lock 00000001800a8670 f   LIBCMT:utility.obj
 0001:000a76ac       __scrt_dllmain_after_initialize_c 00000001800a86ac f   LIBCMT:utility.obj
 0001:000a76e0       __scrt_dllmain_before_initialize_c 00000001800a86e0 f   LIBCMT:utility.obj
 0001:000a76f8       __scrt_dllmain_crt_thread_attach 00000001800a86f8 f   LIBCMT:utility.obj
 0001:000a7720       __scrt_dllmain_crt_thread_detach 00000001800a8720 f   LIBCMT:utility.obj
 0001:000a7738       __scrt_dllmain_exception_filter 00000001800a8738 f   LIBCMT:utility.obj
 0001:000a779c       __scrt_dllmain_uninitialize_c 00000001800a879c f   LIBCMT:utility.obj
 0001:000a77cc       __scrt_dllmain_uninitialize_critical 00000001800a87cc f   LIBCMT:utility.obj
 0001:000a77e0       __scrt_initialize_crt      00000001800a87e0 f   LIBCMT:utility.obj
 0001:000a782c       __scrt_initialize_onexit_tables 00000001800a882c f   LIBCMT:utility.obj
 0001:000a78f8       __scrt_is_nonwritable_in_current_image 00000001800a88f8 f   LIBCMT:utility.obj
 0001:000a7994       __scrt_release_startup_lock 00000001800a8994 f   LIBCMT:utility.obj
 0001:000a79b8       __scrt_uninitialize_crt    00000001800a89b8 f   LIBCMT:utility.obj
 0001:000a79e4       _onexit                    00000001800a89e4 f   LIBCMT:utility.obj
 0001:000a7a34       atexit                     00000001800a8a34 f   LIBCMT:utility.obj
 0001:000a7a4c       __security_init_cookie     00000001800a8a4c f   LIBCMT:gs_support.obj
 0001:000a7af8       ?__scrt_initialize_type_info@@YAXXZ 00000001800a8af8 f   LIBCMT:tncleanup.obj
 0001:000a7b08       ?__scrt_uninitialize_type_info@@YAXXZ 00000001800a8b08 f   LIBCMT:tncleanup.obj
[...]
 0004:00006bb8       $pdata$__acrt_update_thread_multibyte_data 000000018010fbb8     libucrt:mbctype.obj
 0004:00006bc4       $pdata$_setmbcp_nolock     000000018010fbc4     libucrt:mbctype.obj
 0004:00006bd0       $pdata$?x_ismbbtype_l@@YAHPEAU__crt_locale_pointers@@IHH@Z 000000018010fbd0     libucrt:ismbbyte.obj
 0004:00006bdc       $pdata$__acrt_initialize_command_line 000000018010fbdc     libucrt:argv_data.obj
 0004:00006be8       $pdata$__dcrt_get_narrow_environment_from_os 000000018010fbe8     libucrt:get_environment_from_os.obj
 0004:00006bf4       $pdata$_recalloc_base      000000018010fbf4     libucrt:recalloc.obj
 0004:00006c00       $pdata$__acrt_initialize_heap 000000018010fc00     libucrt:heap_handle.obj
 0004:00006c0c       $pdata$?initialize_inherited_file_handles_nolock@@YAXXZ 000000018010fc0c     libucrt:ioinit.obj
 0004:00006c18       $pdata$?initialize_stdio_handles_nolock@@YAXXZ 000000018010fc18     libucrt:ioinit.obj
 0004:00006c24       $pdata$__acrt_initialize_lowio 000000018010fc24     libucrt:ioinit.obj
 0004:00006c30       $pdata$__acrt_uninitialize_lowio 000000018010fc30     libucrt:ioinit.obj
 0004:00006c3c       $pdata$__acrt_execute_initializers 000000018010fc3c     libucrt:shared_initialization.obj
 0004:00006c48       $pdata$__acrt_execute_uninitializers 000000018010fc48     libucrt:shared_initialization.obj
 0004:00006c54       $pdata$??$?RV<lambda_c36588078e9f5dfd39652860aa6b3aaf>@@AEAV<lambda_ec61778202f4f5fc7e7711acc23c3bca>@@V<lambda_dc9d2797ccde5d239b4a0efae8ebd7db>@@@?$__crt_seh_guarded_call@P6AXH@Z@@QEAAP6AXH@Z$$QEAV<lambda_c36588078e9f5dfd39652860aa6b3aaf>@@AEAV<lambda_ec61778202f4f5fc7e7711acc23c3bca>@@$$QEAV<lambda_dc9d2797ccde5d239b4a0efae8ebd7db>@@@Z 000000018010fc54     libucrt:signal.obj
 0004:00006c60       $pdata$__acrt_get_sigabrt_handler 000000018010fc60     libucrt:signal.obj
 0004:00006c6c       $pdata$raise               000000018010fc6c     libucrt:signal.obj
 0004:00006c78       $pdata$__acrt_invoke_user_matherr 000000018010fc78     libucrt:matherr.obj
 0004:00006c84       $pdata$_mbtowc_l           000000018010fc84     libucrt:mbtowc.obj
 0004:00006c90       $pdata$_fileno             000000018010fc90     libucrt:fileno.obj
 0004:00006c9c       $pdata$__acrt_initialize_stdio 000000018010fc9c     libucrt:_file.obj
 0004:00006ca8       $pdata$__acrt_uninitialize_stdio 000000018010fca8     libucrt:_file.obj
 0004:00006cb4       $pdata$__acrt_GetStringTypeA 000000018010fcb4     libucrt:getstringtypea.obj
 0004:00006cc0       $pdata$__acrt_free_locale  000000018010fcc0     libucrt:locale_refcounting.obj
 0004:00006ccc       $pdata$__acrt_locale_free_lc_time_if_unreferenced 000000018010fccc     libucrt:locale_refcounting.obj
 0004:00006cd8       $pdata$__acrt_release_locale_ref 000000018010fcd8     libucrt:locale_refcounting.obj
 0004:00006ce4       $pdata$__acrt_update_thread_locale_data 000000018010fce4     libucrt:locale_refcounting.obj
 0004:00006cf0       $pdata$_updatetlocinfoEx_nolock 000000018010fcf0     libucrt:locale_refcounting.obj
 0004:00006cfc       $pdata$__acrt_locale_free_monetary 000000018010fcfc     libucrt:initmon.obj
 0004:00006d08       $pdata$__acrt_locale_free_numeric 000000018010fd08     libucrt:initnum.obj
 0004:00006d14       $pdata$?free_crt_array_internal@@YAXQEAPEBX_K@Z 000000018010fd14     libucrt:inittime.obj
 0004:00006d20       $pdata$__acrt_locale_free_time 000000018010fd20     libucrt:inittime.obj
 0004:00006d2c       $pdata$?GetTableIndexFromLocaleName@@YAHPEB_W@Z 000000018010fd2c     libucrt:lcidtoname_downlevel.obj
 0004:00006d38       $pdata$__acrt_DownlevelLocaleNameToLCID 000000018010fd38     libucrt:lcidtoname_downlevel.obj
 0004:00006d44       $pdata$?shortsort@@YAXPEAD0_KP6AHPEBX2@Z@Z 000000018010fd44     libucrt:qsort.obj
 0004:00006d50       $pdata$2$?shortsort@@YAXPEAD0_KP6AHPEBX2@Z@Z 000000018010fd50     libucrt:qsort.obj
 0004:00006d5c       $pdata$3$?shortsort@@YAXPEAD0_KP6AHPEBX2@Z@Z 000000018010fd5c     libucrt:qsort.obj
 0004:00006d68       $pdata$qsort               000000018010fd68     libucrt:qsort.obj
 0004:00006d74       $pdata$4$qsort             000000018010fd74     libucrt:qsort.obj
 0004:00006d80       $pdata$5$qsort             000000018010fd80     libucrt:qsort.obj
 0004:00006d8c       $pdata$strncpy_s           000000018010fd8c     libucrt:strncpy_s.obj
 0004:00006d98       $pdata$strpbrk             000000018010fd98     libucrt:strpbrk.obj
 0004:00006da4       $pdata$_mbsdec_l           000000018010fda4     libucrt:mbsdec.obj
 0004:00006db0       $pdata$?initialize_multibyte@@YAHXZ 000000018010fdb0     libucrt:multibyte_initializer.obj
 0004:00006dbc       $pdata$_msize              000000018010fdbc     libucrt:msize.obj
 0004:00006dc8       $pdata$_realloc_base       000000018010fdc8     libucrt:realloc_base.obj
 0004:00006dd4       $pdata$__acrt_lowio_create_handle_array 000000018010fdd4     libucrt:osfinfo.obj
 0004:00006de0       $pdata$__acrt_lowio_destroy_handle_array 000000018010fde0     libucrt:osfinfo.obj
 0004:00006dec       $pdata$__acrt_lowio_ensure_fh_exists 000000018010fdec     libucrt:osfinfo.obj
 0004:00006df8       $pdata$_free_osfhnd        000000018010fdf8     libucrt:osfinfo.obj
 0004:00006e04       $pdata$_get_osfhandle      000000018010fe04     libucrt:osfinfo.obj
 0004:00006e10       $pdata$_isatty             000000018010fe10     libucrt:isatty.obj
 0004:00006e1c       $pdata$__acrt_stdio_flush_nolock 000000018010fe1c     libucrt:fflush.obj
 0004:00006e28       $pdata$_fflush_nolock      000000018010fe28     libucrt:fflush.obj
 0004:00006e34       $pdata$common_flush_all    000000018010fe34     libucrt:fflush.obj
 0004:00006e40       $pdata$_fcloseall          000000018010fe40     libucrt:closeall.obj
 0004:00006e4c       $pdata$__acrt_stdio_free_buffer_nolock 000000018010fe4c     libucrt:_freebuf.obj
 0004:00006e58       $pdata$??$?RV<lambda_b521505b218e5242e90febf6bfebc422>@@AEAV<lambda_6978c1fb23f02e42e1d9e99668cc68aa>@@V<lambda_314360699dd331753a4119843814e9a7>@@@?$__crt_seh_guarded_call@H@@QEAAH$$QEAV<lambda_b521505b218e5242e90febf6bfebc422>@@AEAV<lambda_6978c1fb23f02e42e1d9e99668cc68aa>@@$$QEAV<lambda_314360699dd331753a4119843814e9a7>@@@Z 000000018010fe58     libucrt:commit.obj
 0004:00006e64       $pdata$_commit             000000018010fe64     libucrt:commit.obj
 0004:00006e70       $pdata$?write_double_translated_ansi_nolock@@YA?AUwrite_result@?A0x9c548279@@HQEBDI@Z 000000018010fe70     libucrt:write.obj
 0004:00006e7c       $pdata$?write_text_ansi_nolock@@YA?AUwrite_result@?A0x9c548279@@HQEBDI@Z 000000018010fe7c     libucrt:write.obj
 0004:00006e88       $pdata$?write_text_utf16le_nolock@@YA?AUwrite_result@?A0x9c548279@@HQEBDI@Z 000000018010fe88     libucrt:write.obj
 0004:00006e94       $pdata$?write_text_utf8_nolock@@YA?AUwrite_result@?A0x9c548279@@HQEBDI@Z 000000018010fe94     libucrt:write.obj
 0004:00006ea0       $pdata$_write              000000018010fea0     libucrt:write.obj
 0004:00006eac       $pdata$_write_nolock       000000018010feac     libucrt:write.obj
 0004:00006ec4       $pdata$??$common_lseek_nolock@_J@@YA_JH_JH@Z 000000018010fec4     libucrt:lseek.obj
 0004:00006ed0       $pdata$_fclose_nolock      000000018010fed0     libucrt:fclose.obj
 0004:00006edc       $pdata$fclose              000000018010fedc     libucrt:fclose.obj
 0004:00006ee8       $pdata$_putwch_nolock      000000018010fee8     libucrt:putwch.obj
 0004:00006ef4       $pdata$_call_matherr       000000018010fef4     libucrt:libm_error.obj
 0004:00006f00       $pdata$_exception_enabled  000000018010ff00     libucrt:libm_error.obj
 0004:00006f0c       $pdata$_handle_error       000000018010ff0c     libucrt:libm_error.obj
 0004:00006f18       $pdata$__acrt_initialize_fma3 000000018010ff18     libucrt:fma3_available.obj
 0004:00006f24       $pdata$_log10_special      000000018010ff24     libucrt:log_special.obj
 0004:00006f30       $pdata$_log_special        000000018010ff30     libucrt:log_special.obj
 0004:00006f3c       $pdata$_log_special_common 000000018010ff3c     libucrt:log_special.obj
 0004:00006f48       $pdata$??$?RV<lambda_bfedae4ebbf01fab1bb6dcc6a9e276e0>@@AEAV<lambda_2fe9b910cf3cbf4a0ab98a02ba45b3ec>@@V<lambda_237c231691f317818eb88cc1d5d642d6>@@@?$__crt_seh_guarded_call@H@@QEAAH$$QEAV<lambda_bfedae4ebbf01fab1bb6dcc6a9e276e0>@@AEAV<lambda_2fe9b910cf3cbf4a0ab98a02ba45b3ec>@@$$QEAV<lambda_237c231691f317818eb88cc1d5d642d6>@@@Z 000000018010ff48     libucrt:close.obj
 0004:00006f54       $pdata$_close              000000018010ff54     libucrt:close.obj
 0004:00006f60       $pdata$_close_nolock       000000018010ff60     libucrt:close.obj
 0004:00006f6c       $pdata$__dcrt_lowio_initialize_console_output 000000018010ff6c     libucrt:initcon.obj
 0004:00006f78       $pdata$__dcrt_terminate_console_output 000000018010ff78     libucrt:initcon.obj
 0004:00006f90       $pdata$_raise_exc          000000018010ff90     libucrt:fpexcept.obj
 0004:00006f9c       $pdata$_raise_exc_ex       000000018010ff9c     libucrt:fpexcept.obj
 0004:00006fa8       $pdata$_set_errno_from_matherr 000000018010ffa8     libucrt:fpexcept.obj
 0004:00006fb4       $pdata$_clrfp              000000018010ffb4     libucrt:fpctrl.obj
 0004:00006fc0       $pdata$_ctrlfp             000000018010ffc0     libucrt:fpctrl.obj
 0004:00006fcc       $pdata$_set_statfp         000000018010ffcc     libucrt:fpctrl.obj
 0004:00006fd8       $pdata$_statfp             000000018010ffd8     libucrt:fpctrl.obj
 0004:00006fe4       $pdata$?DloadAcquireSectionWriteAccess@@YAXXZ 000000018010ffe4     DelayImp:delayhlp.obj
 0004:00006ff0       $pdata$?DloadGetSRWLockFunctionPointers@@YAEXZ 000000018010fff0     DelayImp:delayhlp.obj
 0004:00006ffc       $pdata$?DloadMakePermanentImageCommit@@YAXPEAX_K@Z 000000018010fffc     DelayImp:delayhlp.obj
 0004:00007008       $pdata$?DloadObtainSection@@YAPEAXPEAK0@Z 0000000180110008     DelayImp:delayhlp.obj
 0004:00007014       $pdata$?DloadProtectSection@@YAXKPEAK@Z 0000000180110014     DelayImp:delayhlp.obj
 0004:00007020       $pdata$?DloadReleaseSectionWriteAccess@@YAXXZ 0000000180110020     DelayImp:delayhlp.obj
 0004:0000702c       $pdata$__delayLoadHelper2  000000018011002c     DelayImp:delayhlp.obj
 0004:00007038       $pdata$_IsNonwritableInCurrentImage 0000000180110038     LIBCMT:pesect.obj
 0004:00007044       $pdata$__GSHandlerCheck    0000000180110044     LIBCMT:_gshandler_.obj
 0004:00007050       $pdata$__GSHandlerCheckCommon 0000000180110050     LIBCMT:_gshandler_.obj
 0004:00007074       $pdata$acos                0000000180110074     libucrt:acos.obj
 0004:00007080       $pdata$asin                0000000180110080     libucrt:asin.obj
 0004:0000708c       $pdata$atan                000000018011008c     libucrt:atan.obj
 0004:000070a4       $pdata$cosh                00000001801100a4     libucrt:cosh.obj
 0004:000070b0       $pdata$splitexp            00000001801100b0     libucrt:cosh.obj
 0004:000070e0       $pdata$sinh                00000001801100e0     libucrt:sinh.obj
 0004:000070ec       $pdata$splitexp            00000001801100ec     libucrt:sinh.obj
 0004:000070f8       $pdata$sqrt                00000001801100f8     libucrt:sqrt.obj
 0004:0000711c       $pdata$splitexp            000000018011011c     libucrt:tanh.obj
 0004:00007128       $pdata$tanh                0000000180110128     libucrt:tanh.obj
 0004:00007164       $pdata$_sincos_special     0000000180110164     libucrt:sincos_special.obj
 0004:00007170       $pdata$_exp_special        0000000180110170     libucrt:exp_special.obj
 0004:00007188       $pdata$?fin$0@?0??dllmain_crt_process_attach@@YAHQEAUHINSTANCE__@@QEAX@Z@4HA 0000000180110188     LIBCMT:dll_dllmain.obj
 0004:00007194       $pdata$?fin$0@?0??dllmain_crt_process_detach@@YAH_N@Z@4HA 0000000180110194     LIBCMT:dll_dllmain.obj
 0004:000071a0       $pdata$?filt$0@?0??dllmain_dispatch@@YAHQEAUHINSTANCE__@@KQEAX@Z@4HA 00000001801101a0     LIBCMT:dll_dllmain.obj
 0004:000071ac       $pdata$__scrt_is_nonwritable_in_current_image$filt$0 00000001801101ac     LIBCMT:utility.obj
 0004:000071b8       $pdata$_query_new_handler$fin$0 00000001801101b8     libucrt:new_handler.obj
 0004:000071c4       $pdata$?filt$0@?0??common_exit@@YAXHW4_crt_exit_cleanup_mode@@W4_crt_exit_return_mode@@@Z@4HA 00000001801101c4     libucrt:exit.obj
 0004:000071d0       $pdata$?fin$1@?0??common_exit@@YAXHW4_crt_exit_cleanup_mode@@W4_crt_exit_return_mode@@@Z@4HA 00000001801101d0     libucrt:exit.obj
 0004:000071dc       $pdata$?fin$0@?0???$?RV<lambda_e24bbb7b643b32fcea6fa61b31d4c984>@@AEAV<lambda_275893d493268fdec8709772e3fcec0e>@@V<lambda_9d71df4d7cf3f480f8d633942495c3b0>@@@?$__crt_seh_guarded_call@H@@QEAAH$$QEAV<lambda_e24bbb7b643b32fcea6fa61b31d4c984>@@AEAV<lambda_275893d493268fdec8709772e3fcec0e>@@$$QEAV<lambda_9d71df4d7cf3f480f8d633942495c3b0>@@@Z@4HA 00000001801101dc     libucrt:onexit.obj
 0004:000071e8       $pdata$?fin$0@?0???$?RV<lambda_46352004c1216016012b18bd6f87e700>@@AEAV<lambda_3bd07e1a1191394380780325891bf33f>@@V<lambda_334532d3f185bcaa59b5be82d7d22bff>@@@?$__crt_seh_guarded_call@X@@QEAAX$$QEAV<lambda_46352004c1216016012b18bd6f87e700>@@AEAV<lambda_3bd07e1a1191394380780325891bf33f>@@$$QEAV<lambda_334532d3f185bcaa59b5be82d7d22bff>@@@Z@4HA 00000001801101e8     libucrt:per_thread_data.obj
 0004:000071e8       $pdata$?fin$0@?0???$?RV<lambda_5e887d1dcbef67a5eb4283622ba103bf>@@AEAV<lambda_4466841279450cc726390878d4a41900>@@V<lambda_341c25c0346d94847f1f3c463c57e077>@@@?$__crt_seh_guarded_call@X@@QEAAX$$QEAV<lambda_5e887d1dcbef67a5eb4283622ba103bf>@@AEAV<lambda_4466841279450cc726390878d4a41900>@@$$QEAV<lambda_341c25c0346d94847f1f3c463c57e077>@@@Z@4HA 00000001801101e8     libucrt:per_thread_data.obj
 0004:000071e8       $pdata$?fin$0@?0???$?RV<lambda_72d1df2b273a38828b1ce30cbf4cdab5>@@AEAV<lambda_876a65b173b8412d3a47c70a915b0cf4>@@V<lambda_41932305e351933ebe8f8be3ed8bb5dc>@@@?$__crt_seh_guarded_call@X@@QEAAX$$QEAV<lambda_72d1df2b273a38828b1ce30cbf4cdab5>@@AEAV<lambda_876a65b173b8412d3a47c70a915b0cf4>@@$$QEAV<lambda_41932305e351933ebe8f8be3ed8bb5dc>@@@Z@4HA 00000001801101e8     libucrt:per_thread_data.obj
 0004:000071e8       $pdata$?fin$0@?0???$?RV<lambda_b8c45f8f788dd370798f47cfe8ac3a86>@@AEAV<lambda_4e60a939b0d047cfe11ddc22648dfba9>@@V<lambda_332c3edc96d0294ec56c57d38c1cdfd5>@@@?$__crt_seh_guarded_call@H@@QEAAH$$QEAV<lambda_b8c45f8f788dd370798f47cfe8ac3a86>@@AEAV<lambda_4e60a939b0d047cfe11ddc22648dfba9>@@$$QEAV<lambda_332c3edc96d0294ec56c57d38c1cdfd5>@@@Z@4HA 00000001801101e8     libucrt:onexit.obj
 0004:000071e8       $pdata$?fin$0@?0???$?RV<lambda_99476a1ad63dd22509b5d3e65b0ffc95>@@AEAV<lambda_ad1ced32f4ac17aa236e5ef05d6b3b7c>@@V<lambda_f7424dd8d45958661754dc4f2697e9c3>@@@?$__crt_seh_guarded_call@X@@QEAAX$$QEAV<lambda_99476a1ad63dd22509b5d3e65b0ffc95>@@AEAV<lambda_ad1ced32f4ac17aa236e5ef05d6b3b7c>@@$$QEAV<lambda_f7424dd8d45958661754dc4f2697e9c3>@@@Z@4HA 00000001801101e8     libucrt:mbctype.obj
 0004:000071e8       $pdata$?fin$0@?0???$?RV<lambda_fb3a7dec4e47f37f22dae91bb15c9095>@@AEAV<lambda_698284760c8add0bfb0756c19673e34b>@@V<lambda_dfb8eca1e75fef3034a8fb18dd509707>@@@?$__crt_seh_guarded_call@X@@QEAAX$$QEAV<lambda_fb3a7dec4e47f37f22dae91bb15c9095>@@AEAV<lambda_698284760c8add0bfb0756c19673e34b>@@$$QEAV<lambda_dfb8eca1e75fef3034a8fb18dd509707>@@@Z@4HA 00000001801101e8     libucrt:per_thread_data.obj
 0004:000071e8       $pdata$?fin$0@?0???$?RV<lambda_c36588078e9f5dfd39652860aa6b3aaf>@@AEAV<lambda_ec61778202f4f5fc7e7711acc23c3bca>@@V<lambda_dc9d2797ccde5d239b4a0efae8ebd7db>@@@?$__crt_seh_guarded_call@P6AXH@Z@@QEAAP6AXH@Z$$QEAV<lambda_c36588078e9f5dfd39652860aa6b3aaf>@@AEAV<lambda_ec61778202f4f5fc7e7711acc23c3bca>@@$$QEAV<lambda_dc9d2797ccde5d239b4a0efae8ebd7db>@@@Z@4HA 00000001801101e8     libucrt:signal.obj
 0004:000071f4       $pdata$__acrt_update_thread_multibyte_data$fin$0 00000001801101f4     libucrt:mbctype.obj
 0004:00007200       $pdata$raise$fin$0         0000000180110200     libucrt:signal.obj
 0004:0000720c       $pdata$__acrt_update_thread_locale_data$fin$0 000000018011020c     libucrt:locale_refcounting.obj
 0004:0000720c       $pdata$__acrt_uninitialize_locale$fin$0 000000018011020c     libucrt:wsetlocale.obj
 0004:00007218       $pdata$__acrt_lowio_ensure_fh_exists$fin$0 0000000180110218     libucrt:osfinfo.obj
 0004:00007218       $pdata$__acrt_initialize_lowio$fin$0 0000000180110218     libucrt:ioinit.obj
 0004:00007224       $pdata$common_flush_all$fin$0 0000000180110224     libucrt:fflush.obj
 0004:00007230       $pdata$common_flush_all$fin$1 0000000180110230     libucrt:fflush.obj
 0004:0000723c       $pdata$_fcloseall$fin$0    000000018011023c     libucrt:closeall.obj
 0004:00007248       $pdata$?fin$0@?0???$?RV<lambda_bfedae4ebbf01fab1bb6dcc6a9e276e0>@@AEAV<lambda_2fe9b910cf3cbf4a0ab98a02ba45b3ec>@@V<lambda_237c231691f317818eb88cc1d5d642d6>@@@?$__crt_seh_guarded_call@H@@QEAAH$$QEAV<lambda_bfedae4ebbf01fab1bb6dcc6a9e276e0>@@AEAV<lambda_2fe9b910cf3cbf4a0ab98a02ba45b3ec>@@$$QEAV<lambda_237c231691f317818eb88cc1d5d642d6>@@@Z@4HA 0000000180110248     libucrt:close.obj
 0004:00007248       $pdata$?fin$0@?0???$?RV<lambda_b521505b218e5242e90febf6bfebc422>@@AEAV<lambda_6978c1fb23f02e42e1d9e99668cc68aa>@@V<lambda_314360699dd331753a4119843814e9a7>@@@?$__crt_seh_guarded_call@H@@QEAAH$$QEAV<lambda_b521505b218e5242e90febf6bfebc422>@@AEAV<lambda_6978c1fb23f02e42e1d9e99668cc68aa>@@$$QEAV<lambda_314360699dd331753a4119843814e9a7>@@@Z@4HA 0000000180110248     libucrt:commit.obj
 0004:00007254       $pdata$_write$fin$0        0000000180110254     libucrt:write.obj
 0004:00007260       $pdata$fclose$fin$0        0000000180110260     libucrt:fclose.obj
 0004:0000726c       $pdata$_ctrlfp$filt$0      000000018011026c     libucrt:fpctrl.obj
 0004:00007278       $pdata$_IsNonwritableInCurrentImage$filt$0 0000000180110278     LIBCMT:pesect.obj
 0005:00000000       __guard_fids__             0000000180111000     libucrt:initialization.obj
 0005:00000060       __guard_fids___acrt_initialize_ptd 0000000180111060     libucrt:per_thread_data.obj
 0005:00000064       __guard_fids_??$expand_argument_wildcards@D@@YAHQEAD0AEAV?$argument_list@D@?A0xca0879c4@@@Z 0000000180111064     libucrt:argv_wildcards.obj
 0005:00000068       __guard_fids__             0000000180111068     libucrt:locale_initializer.obj
 0005:0000006c       __guard_fids__             000000018011106c     libucrt:multibyte_initializer.obj
 0005:00000070       __guard_fids__             0000000180111070     libucrt:stdio_initializer.obj
 0005:00000074       __guard_fids__             0000000180111074     libucrt:stdio_initializer.obj
 0005:00000078       __guard_fids__             0000000180111078     libucrt:fma3_initializer.obj
 0005:0000007c       __guard_fids__             000000018011107c     libucrt:console_output_initializer.obj
 0005:00000080       __guard_fids_?dllmain_crt_process_attach@@YAHQEAUHINSTANCE__@@QEAX@Z 0000000180111080     LIBCMT:dll_dllmain.obj
 0005:00000088       __guard_fids_?dllmain_dispatch@@YAHQEAUHINSTANCE__@@KQEAX@Z 0000000180111088     LIBCMT:dll_dllmain.obj
 0005:0000008c       __guard_fids__             000000018011108c     LIBCMT:throw_bad_alloc.obj
 0005:00000094       __guard_fids__             0000000180111094     LIBCMT:throw_bad_alloc.obj
 0005:0000009c       __guard_fids__             000000018011109c     LIBCMT:throw_bad_alloc.obj
 0005:000000a4       __guard_fids__             00000001801110a4     LIBCMT:guard_support.obj
 0005:000000a8       __guard_fids__             00000001801110a8     LIBCMT:std_type_info_static.obj
 0005:000000ac       __guard_fids___vcrt_initialize_ptd 00000001801110ac     libvcruntime:per_thread_data.obj
 0006:00000060       $R000000                   0000000180112060     * linker generated manifest res *

 Exports

  ordinal    name

        1    _register_talib_binding_
